 ARDroneHover_sfun

 Timestamp is 56d06ecf (Fri Feb 26 16:27:11 2016)

 Preferred load address is 0000000180000000

 Start         Length     Name                   Class
 0001:00000000 000729bcH .text                   CODE
 0001:000729c0 00000092H .text$x                 CODE
 0002:00000000 000004d8H .idata$5                DATA
 0002:000004d8 00000008H .CRT$XCA                DATA
 0002:000004e0 00000008H .CRT$XCZ                DATA
 0002:000004e8 00000008H .CRT$XIA                DATA
 0002:000004f0 00000008H .CRT$XIAA               DATA
 0002:000004f8 00000008H .CRT$XIZ                DATA
 0002:00000500 00004d1cH .rdata                  DATA
 0002:00005220 00000008H .rtc$IAA                DATA
 0002:00005228 00000008H .rtc$IZZ                DATA
 0002:00005230 00000008H .rtc$TAA                DATA
 0002:00005238 00000008H .rtc$TZZ                DATA
 0002:00005240 00004c9cH .xdata                  DATA
 0002:00009edc 000000a0H .idata$2                DATA
 0002:00009f7c 00000014H .idata$3                DATA
 0002:00009f90 000004d8H .idata$4                DATA
 0002:0000a468 00000b6eH .idata$6                DATA
 0002:0000afe0 00000057H .edata                  DATA
 0003:00000000 0000b188H .data                   DATA
 0003:0000b1a0 00002458H .bss                    DATA
 0004:00000000 00003e28H .pdata                  DATA

  Address         Publics by Value              Rva+Base               Lib:Object

 0000:00000000       ___safe_se_handler_table   0000000000000000     <absolute>
 0000:00000000       ___safe_se_handler_count   0000000000000000     <absolute>
 0000:00000000       __ImageBase                0000000180000000     <linker-defined>
 0001:00000000       sf_process_check_sum_call  0000000180001000 f   ARDroneHover_sfun_registry.obj
 0001:00000070       sf_process_testpoint_info_call 0000000180001070 f   ARDroneHover_sfun_registry.obj
 0001:000000e0       sf_process_autoinheritance_call 00000001800010e0 f   ARDroneHover_sfun_registry.obj
 0001:00000320       sf_process_get_third_party_uses_info_call 0000000180001320 f   ARDroneHover_sfun_registry.obj
 0001:00000560       sf_process_get_eml_resolved_functions_info_call 0000000180001560 f   ARDroneHover_sfun_registry.obj
 0001:00000750       sf_mex_unlock_call         0000000180001750 f   ARDroneHover_sfun_registry.obj
 0001:00000800       sf_machine_global_initializer_called 0000000180001800 f   ARDroneHover_sfun_registry.obj
 0001:00000830       sf_machine_global_method_dispatcher 0000000180001830 f   ARDroneHover_sfun_registry.obj
 0001:000008d0       sf_machine_global_terminator 00000001800018d0 f   ARDroneHover_sfun_registry.obj
 0001:00000920       sf_register_machine_exported_symbols 0000000180001920 f   ARDroneHover_sfun_registry.obj
 0001:00000950       callCustomFcn              0000000180001950 f   ARDroneHover_sfun_registry.obj
 0001:00000960       sf_machine_global_initializer 0000000180001960 f   ARDroneHover_sfun_registry.obj
 0001:000009f0       _ssSetStateAbsTol          00000001800019f0 f   ARDroneHover_sfun_registry.obj
 0001:00000ad0       _ssGetAbsTol               0000000180001ad0 f   ARDroneHover_sfun_registry.obj
 0001:00000b40       _ssSetInputPortMatrixDimensions 0000000180001b40 f   ARDroneHover_sfun_registry.obj
 0001:00000c50       _ssSetOutputPortMatrixDimensions 0000000180001c50 f   ARDroneHover_sfun_registry.obj
 0001:00000d60       _ssSetInputPortVectorDimension 0000000180001d60 f   ARDroneHover_sfun_registry.obj
 0001:00000e30       _ssSetOutputPortVectorDimension 0000000180001e30 f   ARDroneHover_sfun_registry.obj
 0001:00000f00       ssIsRunTimeParamTunable    0000000180001f00 f   ARDroneHover_sfun_registry.obj
 0001:00000f70       ssGetSFuncBlockHandle      0000000180001f70 f   ARDroneHover_sfun_registry.obj
 0001:00000fe0       _ssGetCurrentInputPortWidth 0000000180001fe0 f   ARDroneHover_sfun_registry.obj
 0001:00001100       _ssGetCurrentOutputPortWidth 0000000180002100 f   ARDroneHover_sfun_registry.obj
 0001:00001220       _ssGetCallSystemNumFcnCallDestinations 0000000180002220 f   ARDroneHover_sfun_registry.obj
 0001:00001290       ssWarning                  0000000180002290 f   ARDroneHover_sfun_registry.obj
 0001:000013a0       ssGetIsZeroCrossControlDisabled 00000001800023a0 f   ARDroneHover_sfun_registry.obj
 0001:00001410       ssSetIsInputPortUsedForContZcSignal 0000000180002410 f   ARDroneHover_sfun_registry.obj
 0001:00001480       ssSetZcSignalIsZcElementDisc 0000000180002480 f   ARDroneHover_sfun_registry.obj
 0001:00001530       ssSetZcSignalName          0000000180002530 f   ARDroneHover_sfun_registry.obj
 0001:000015a0       ssSetZcSignalWidth         00000001800025a0 f   ARDroneHover_sfun_registry.obj
 0001:00001610       ssSetZcSignalZcEventType   0000000180002610 f   ARDroneHover_sfun_registry.obj
 0001:00001680       ssSetZcSignalType          0000000180002680 f   ARDroneHover_sfun_registry.obj
 0001:000016f0       ssSetZcSignalZcTol         00000001800026f0 f   ARDroneHover_sfun_registry.obj
 0001:00001760       ssSetZcSignalNeedsEventNotification 0000000180002760 f   ARDroneHover_sfun_registry.obj
 0001:000017d0       ssCreateAndAddZcSignalInfo 00000001800027d0 f   ARDroneHover_sfun_registry.obj
 0001:00001840       ssCloneAndAddZcSignalInfo  0000000180002840 f   ARDroneHover_sfun_registry.obj
 0001:000018b0       ssGetNumZcSignals          00000001800028b0 f   ARDroneHover_sfun_registry.obj
 0001:00001920       ssGetZcSignalVector        0000000180002920 f   ARDroneHover_sfun_registry.obj
 0001:00001990       ssGetZcSignalZcEvents      0000000180002990 f   ARDroneHover_sfun_registry.obj
 0001:00001a00       ssGetZcSignalName          0000000180002a00 f   ARDroneHover_sfun_registry.obj
 0001:00001a70       ssGetZcSignalWidth         0000000180002a70 f   ARDroneHover_sfun_registry.obj
 0001:00001ae0       ssGetZcSignalZcEventType   0000000180002ae0 f   ARDroneHover_sfun_registry.obj
 0001:00001b50       ssGetZcSignalType          0000000180002b50 f   ARDroneHover_sfun_registry.obj
 0001:00001bc0       ssGetZcSignalZcTol         0000000180002bc0 f   ARDroneHover_sfun_registry.obj
 0001:00001c40       ssGetZcSignalNeedsEventNotification 0000000180002c40 f   ARDroneHover_sfun_registry.obj
 0001:00001cb0       ssGetZcSignalIsZcElementDisc 0000000180002cb0 f   ARDroneHover_sfun_registry.obj
 0001:00001d50       ssGetIsInputPortElementContinuous 0000000180002d50 f   ARDroneHover_sfun_registry.obj
 0001:00001df0       _ssGetInputPortSignalPtrsFcn 0000000180002df0 f   ARDroneHover_sfun_registry.obj
 0001:000020b0       _ssGetInputPortSignalFcn   00000001800030b0 f   ARDroneHover_sfun_registry.obj
 0001:000022d0       _ssSetInputPortDirectFeedThroughFcn 00000001800032d0 f   ARDroneHover_sfun_registry.obj
 0001:00002430       _ssSetInputPortReusableFcn 0000000180003430 f   ARDroneHover_sfun_registry.obj
 0001:00002520       _ssSetOutputPortReusableFcn 0000000180003520 f   ARDroneHover_sfun_registry.obj
 0001:00002600       ssGetDTypeIdFromMxArray    0000000180003600 f   ARDroneHover_sfun_registry.obj
 0001:00002720       ssWriteRTWStr              0000000180003720 f   ARDroneHover_sfun_registry.obj
 0001:00002780       ssWriteRTWMxVectParam      0000000180003780 f   ARDroneHover_sfun_registry.obj
 0001:000027e0       ssWriteRTWMx2dMatParam     00000001800037e0 f   ARDroneHover_sfun_registry.obj
 0001:00002860       ssWriteRTWNameValuePair    0000000180003860 f   ARDroneHover_sfun_registry.obj
 0001:00002d50       ssWriteRTWParameters       0000000180003d50 f   ARDroneHover_sfun_registry.obj
 0001:00003350       ssWriteRTWParamSettings    0000000180004350 f   ARDroneHover_sfun_registry.obj
 0001:00003a20       ssWriteRTWWorkVect         0000000180004a20 f   ARDroneHover_sfun_registry.obj
 0001:00003f20       mexFunction                0000000180004f20 f   ARDroneHover_sfun_registry.obj
 0001:00005c70       ProcessMexSfunctionEveryCall 0000000180006c70 f   ARDroneHover_sfun_registry.obj
 0001:00005de0       ARDroneHover_initializer   0000000180006de0 f   ARDroneHover_sfun.obj
 0001:00005df0       ARDroneHover_terminator    0000000180006df0 f   ARDroneHover_sfun.obj
 0001:00005e00       sf_ARDroneHover_method_dispatcher 0000000180006e00 f   ARDroneHover_sfun.obj
 0001:00005e20       sf_ARDroneHover_process_testpoint_info_call 0000000180006e20 f   ARDroneHover_sfun.obj
 0001:00005f80       sf_ARDroneHover_process_check_sum_call 0000000180006f80 f   ARDroneHover_sfun.obj
 0001:00006380       sf_ARDroneHover_autoinheritance_info 0000000180007380 f   ARDroneHover_sfun.obj
 0001:000064a0       sf_ARDroneHover_get_eml_resolved_functions_info 00000001800074a0 f   ARDroneHover_sfun.obj
 0001:00006580       sf_ARDroneHover_third_party_uses_info 0000000180007580 f   ARDroneHover_sfun.obj
 0001:000066a0       ARDroneHover_debug_initialize 00000001800076a0 f   ARDroneHover_sfun.obj
 0001:00006720       ARDroneHover_register_exported_symbols 0000000180007720 f   ARDroneHover_sfun.obj
 0001:00006730       load_ARDroneHover_optimization_info 0000000180007730 f   ARDroneHover_sfun.obj
 0001:00006780       unload_ARDroneHover_optimization_info 0000000180007780 f   ARDroneHover_sfun.obj
 0001:000067b0       sf_send_message_wrapper    00000001800077b0 f   sfc_mex:sfc_sf.obj
 0001:000067e0       sf_receive_message_wrapper 00000001800077e0 f   sfc_mex:sfc_sf.obj
 0001:00006820       sf_check_out_message_wrapper 0000000180007820 f   sfc_mex:sfc_sf.obj
 0001:00006860       sf_check_in_message_wrapper 0000000180007860 f   sfc_mex:sfc_sf.obj
 0001:000068a0       sf_no_message_wrapper      00000001800078a0 f   sfc_mex:sfc_sf.obj
 0001:00006c30       sim_mode_is_rtw_gen        0000000180007c30 f   sfc_mex:sfc_sf.obj
 0001:00006c60       sim_mode_is_external       0000000180007c60 f   sfc_mex:sfc_sf.obj
 0001:00006c70       sim_mode_is_modelref_sim   0000000180007c70 f   sfc_mex:sfc_sf.obj
 0001:00006c90       mdlInitializeSizes         0000000180007c90 f   sfc_mex:sfc_sf.obj
 0001:00006cb0       mdlInitializeSampleTimes   0000000180007cb0 f   sfc_mex:sfc_sf.obj
 0001:00006cf0       mdlZeroCrossings           0000000180007cf0 f   sfc_mex:sfc_sf.obj
 0001:00006de0       mdlDerivatives             0000000180007de0 f   sfc_mex:sfc_sf.obj
 0001:00006ea0       mdl_initialize_conditions_processing 0000000180007ea0 f   sfc_mex:sfc_sf.obj
 0001:00006ed0       mdlInitializeConditions    0000000180007ed0 f   sfc_mex:sfc_sf.obj
 0001:00006f90       mdlGetSimState             0000000180007f90 f   sfc_mex:sfc_sf.obj
 0001:00006fa0       mdlSetSimState             0000000180007fa0 f   sfc_mex:sfc_sf.obj
 0001:00006fb0       mdl_ext_mode_exec_processing 0000000180007fb0 f   sfc_mex:sfc_sf.obj
 0001:00006fd0       mdlExtModeExec             0000000180007fd0 f   sfc_mex:sfc_sf.obj
 0001:00007170       mdlTerminate               0000000180008170 f   sfc_mex:sfc_sf.obj
 0001:000071e0       mdlRTW                     00000001800081e0 f   sfc_mex:sfc_sf.obj
 0001:00007210       mdlSetWorkWidths           0000000180008210 f   sfc_mex:sfc_sf.obj
 0001:00007220       mdlProcessParameters       0000000180008220 f   sfc_mex:sfc_sf.obj
 0001:00007230       mdl_start_processing       0000000180008230 f   sfc_mex:sfc_sf.obj
 0001:00007290       mdlStart                   0000000180008290 f   sfc_mex:sfc_sf.obj
 0001:000073a0       mdlEnable                  00000001800083a0 f   sfc_mex:sfc_sf.obj
 0001:00007480       mdlDisable                 0000000180008480 f   sfc_mex:sfc_sf.obj
 0001:00007540       sf_get_chart_instance_ptr  0000000180008540 f   sfc_mex:sfc_sf.obj
 0001:00007560       sf_load_rtw_optimization_info 0000000180008560 f   sfc_mex:sfc_sf.obj
 0001:00007630       sf_update_buildInfo        0000000180008630 f   sfc_mex:sfc_sf.obj
 0001:00007730       sf_rtw_info_uint_prop      0000000180008730 f   sfc_mex:sfc_sf.obj
 0001:00007870       sf_is_chart_inlinable      0000000180008870 f   sfc_mex:sfc_sf.obj
 0001:00007890       sf_mark_output_events_with_multiple_callers 0000000180008890 f   sfc_mex:sfc_sf.obj
 0001:00007a20       sf_mark_chart_reusable_outputs 0000000180008a20 f   sfc_mex:sfc_sf.obj
 0001:00007c80       sf_mark_chart_expressionable_inputs 0000000180008c80 f   sfc_mex:sfc_sf.obj
 0001:00007ee0       sf_get_subchart_simstruct  0000000180008ee0 f   sfc_mex:sfc_sf.obj
 0001:00007f30       sf_get_fixpt_data_type_id  0000000180008f30 f   sfc_mex:sfc_sf.obj
 0001:00007f70       sf_get_enum_data_type_id   0000000180008f70 f   sfc_mex:sfc_sf.obj
 0001:00007fb0       sf_get_param_data_type_id  0000000180008fb0 f   sfc_mex:sfc_sf.obj
 0001:00007fe0       sf_mex_listen_for_ctrl_c_force 0000000180008fe0 f   sfc_mex:sfc_sf.obj
 0001:000080f0       sf_mex_draw_now            00000001800090f0 f   sfc_mex:sfc_sf.obj
 0001:00008130       sf_mex_set_debugger_sim_status_listener_fcn 0000000180009130 f   sfc_mex:sfc_sf.obj
 0001:00008140       sf_mex_listen_for_ctrl_c   0000000180009140 f   sfc_mex:sfc_sf.obj
 0001:000081e0       sf_mex_get_sfun_param      00000001800091e0 f   sfc_mex:sfc_sf.obj
 0001:00008230       sf_get_runtime_param_data  0000000180009230 f   sfc_mex:sfc_sf.obj
 0001:00008270       sf_call_output_fcn_call    0000000180009270 f   sfc_mex:sfc_sf.obj
 0001:000083b0       sf_call_output_fcn_enable  00000001800093b0 f   sfc_mex:sfc_sf.obj
 0001:00008440       sf_call_output_fcn_disable 0000000180009440 f   sfc_mex:sfc_sf.obj
 0001:000084d0       sf_clear_rtw_identifier    00000001800094d0 f   sfc_mex:sfc_sf.obj
 0001:00008cf0       sf_set_encoded_dwork_info  0000000180009cf0 f   sfc_mex:sfc_sf.obj
 0001:00008d40       sf_get_dwork_info_from_mat_file 0000000180009d40 f   sfc_mex:sfc_sf.obj
 0001:00008f00       sf_set_rtw_dwork_info      0000000180009f00 f   sfc_mex:sfc_sf.obj
 0001:00009070       mdlOutputs                 000000018000a070 f   sfc_mex:sfc_sf.obj
 0001:00009260       sf_mex_mx_is_numeric       000000018000a260 f   sfc_mex:sfc_mex.obj
 0001:000092a0       strcmp_ignore_ws           000000018000a2a0 f   sfc_mex:sfc_mex.obj
 0001:000093e0       sf_mex_duplicatearraysafe  000000018000a3e0 f   sfc_mex:sfc_mex.obj
 0001:00009540       sf_set_error_debugger_context_message_fcn 000000018000a540 f   sfc_mex:sfc_mex.obj
 0001:00009550       sf_set_debugger_matlab_error_fcn 000000018000a550 f   sfc_mex:sfc_mex.obj
 0001:00009590       sf_set_error_prefix_string 000000018000a590 f   sfc_mex:sfc_mex.obj
 0001:000095c0       sf_get_error_prefix_string 000000018000a5c0 f   sfc_mex:sfc_mex.obj
 0001:000095d0       sf_mex_enter_parallel_region 000000018000a5d0 f   sfc_mex:sfc_mex.obj
 0001:000095e0       sf_mex_exit_parallel_region 000000018000a5e0 f   sfc_mex:sfc_mex.obj
 0001:000095f0       sf_get_current_jmp_buf_ptr 000000018000a5f0 f   sfc_mex:sfc_mex.obj
 0001:00009600       sf_set_current_jmp_buf_ptr 000000018000a600 f   sfc_mex:sfc_mex.obj
 0001:00009610       sf_mex_set_halt_simulation 000000018000a610 f   sfc_mex:sfc_mex.obj
 0001:00009620       sf_mex_get_halt_simulation 000000018000a620 f   sfc_mex:sfc_mex.obj
 0001:00009630       sf_mex_clear_error_message 000000018000a630 f   sfc_mex:sfc_mex.obj
 0001:00009650       sf_mex_get_error_message_for_read 000000018000a650 f   sfc_mex:sfc_mex.obj
 0001:00009660       sf_mex_get_error_message_buffer_length 000000018000a660 f   sfc_mex:sfc_mex.obj
 0001:00009740       sf_mex_warning_message     000000018000a740 f   sfc_mex:sfc_mex.obj
 0001:000097b0       sf_mex_v_errbuf_createf    000000018000a7b0 f   sfc_mex:sfc_mex.obj
 0001:000097c0       sf_mex_errbuf_createf      000000018000a7c0 f   sfc_mex:sfc_mex.obj
 0001:000097f0       sf_mex_v_errbuf_catf       000000018000a7f0 f   sfc_mex:sfc_mex.obj
 0001:00009830       sf_mex_errbuf_catf         000000018000a830 f   sfc_mex:sfc_mex.obj
 0001:00009880       sf_mex_errbuf_copy         000000018000a880 f   sfc_mex:sfc_mex.obj
 0001:00009890       sf_mex_errbuf_clear        000000018000a890 f   sfc_mex:sfc_mex.obj
 0001:000098a0       sf_mex_errbuf_isempty      000000018000a8a0 f   sfc_mex:sfc_mex.obj
 0001:000099a0       sf_mex_set_error_status    000000018000a9a0 f   sfc_mex:sfc_mex.obj
 0001:000099f0       sf_mex_error_direct_call   000000018000a9f0 f   sfc_mex:sfc_mex.obj
 0001:00009a10       sf_mex_error_message_no_long_jump 000000018000aa10 f   sfc_mex:sfc_mex.obj
 0001:00009a30       sf_mex_long_jump_on_error  000000018000aa30 f   sfc_mex:sfc_mex.obj
 0001:00009a60       sf_mex_call_matlab         000000018000aa60 f   sfc_mex:sfc_mex.obj
 0001:00009b80       sf_mex_check_builtin       000000018000ab80 f   sfc_mex:sfc_mex.obj
 0001:00009c20       sf_mex_check_builtin_vs    000000018000ac20 f   sfc_mex:sfc_mex.obj
 0001:00009ce0       sf_mex_check_enum          000000018000ace0 f   sfc_mex:sfc_mex.obj
 0001:00009d60       sf_mex_create_enum         000000018000ad60 f   sfc_mex:sfc_mex.obj
 0001:00009dd0       sf_mex_get_enum_element    000000018000add0 f   sfc_mex:sfc_mex.obj
 0001:00009de0       sf_mex_createcellarray     000000018000ade0 f   sfc_mex:sfc_mex.obj
 0001:00009df0       sf_mex_setcell             000000018000adf0 f   sfc_mex:sfc_mex.obj
 0001:00009e00       sf_mex_getcell             000000018000ae00 f   sfc_mex:sfc_mex.obj
 0001:00009e10       sf_mex_dup                 000000018000ae10 f   sfc_mex:sfc_mex.obj
 0001:00009e30       sf_mex_assign              000000018000ae30 f   sfc_mex:sfc_mex.obj
 0001:00009eb0       sf_mex_destroy             000000018000aeb0 f   sfc_mex:sfc_mex.obj
 0001:00009ee0       mx_array_has_fi_type       000000018000aee0 f   sfc_mex:sfc_mex.obj
 0001:00009f10       sf_mex_convert_from_fi     000000018000af10 f   sfc_mex:sfc_mex.obj
 0001:0000a040       sf_mex_convert_to_double   000000018000b040 f   sfc_mex:sfc_mex.obj
 0001:0000a160       sf_mex_import_fi_vs        000000018000b160 f   sfc_mex:sfc_mex.obj
 0001:0000a390       sf_matrix_matrix_index_ok  000000018000b390 f   sfc_mex:sfc_mex.obj
 0001:0000a420       sf_vector_vector_index_ok  000000018000b420 f   sfc_mex:sfc_mex.obj
 0001:0000a450       ssGetCurrentInputPortDimensions_wrapper 000000018000b450 f   sfc_mex:sfc_mex.obj
 0001:0000a470       ssGetCurrentOutputPortDimensions_wrapper 000000018000b470 f   sfc_mex:sfc_mex.obj
 0001:0000a490       sf_mex_emlrt_context_is_debug_mode 000000018000b490 f   sfc_mex:sfc_mex.obj
 0001:0000a4a0       sf_mex_emlrt_context_set_debug_mode 000000018000b4a0 f   sfc_mex:sfc_mex.obj
 0001:0000a4b0       sf_mex_emlrtNameCapturePostProcessR2012a 000000018000b4b0 f   sfc_mex:sfc_mex.obj
 0001:0000a520       sf_clear_error_manager_info 000000018000b520 f   sfc_mex:sfc_mex.obj
 0001:0000a580       sf_mex_stop_simulation_abruptly_wo_error 000000018000b580 f   sfc_mex:sfc_mex.obj
 0001:0000a5c0       sf_mex_error_message       000000018000b5c0 f   sfc_mex:sfc_mex.obj
 0001:0000a630       sf_react_to_error_in_matlab_call 000000018000b630 f   sfc_mex:sfc_mex.obj
 0001:0000a660       sf_mex_addfield            000000018000b660 f   sfc_mex:sfc_mex.obj
 0001:0000a700       sf_mex_getfield            000000018000b700 f   sfc_mex:sfc_mex.obj
 0001:0000aa00       sf_mex_check_class         000000018000ba00 f   sfc_mex:sfc_mex.obj
 0001:0000aaa0       sf_mex_is_real             000000018000baa0 f   sfc_mex:sfc_mex.obj
 0001:0000af10       sf_mex_decode_encoded_mx_struct_array 000000018000bf10 f   sfc_mex:sfc_mex.obj
 0001:0000b200       sf_mex_lw_bounds_check     000000018000c200 f   sfc_mex:sfc_mex.obj
 0001:0000b230       sf_mex_lw_size_eq_check_1d 000000018000c230 f   sfc_mex:sfc_mex.obj
 0001:0000b250       sf_mex_lw_size_eq_check_nd 000000018000c250 f   sfc_mex:sfc_mex.obj
 0001:0000b430       sf_mex_lw_dim_size_eq_check 000000018000c430 f   sfc_mex:sfc_mex.obj
 0001:0000b460       sf_mex_lw_dim_size_geq_check 000000018000c460 f   sfc_mex:sfc_mex.obj
 0001:0000b490       sf_mex_lw_sub_assign_size_check_nd 000000018000c490 f   sfc_mex:sfc_mex.obj
 0001:0000b660       sf_mex_lw_runtime_error_msgid 000000018000c660 f   sfc_mex:sfc_mex.obj
 0001:0000b750       sf_mex_lw_matrix_matrix_index_check 000000018000c750 f   sfc_mex:sfc_mex.obj
 0001:0000b770       sf_mex_lw_vector_vector_index_check 000000018000c770 f   sfc_mex:sfc_mex.obj
 0001:0000b7b0       sf_mex_lw_for_loop_vector_check 000000018000c7b0 f   sfc_mex:sfc_mex.obj
 0001:0000b840       sf_mex_lw_non_negative_check 000000018000c840 f   sfc_mex:sfc_mex.obj
 0001:0000b880       sf_mex_overflow_error      000000018000c880 f   sfc_mex:sfc_mex.obj
 0001:0000b890       sf_mex_dividebyzero_error  000000018000c890 f   sfc_mex:sfc_mex.obj
 0001:0000b8a0       sf_mex_unsafe_enum_error   000000018000c8a0 f   sfc_mex:sfc_mex.obj
 0001:0000b8b0       sf_emlrtErrHandler         000000018000c8b0 f   sfc_mex:sfc_mex.obj
 0001:0000b990       sf_mex_size_one_check      000000018000c990 f   sfc_mex:sfc_mex.obj
 0001:0000b9b0       sf_mex_printf              000000018000c9b0 f   sfc_mex:sfc_mex.obj
 0001:0000bb80       sf_mex_check_size          000000018000cb80 f   sfc_mex:sfc_mex.obj
 0001:0000be20       sf_mex_check_struct        000000018000ce20 f   sfc_mex:sfc_mex.obj
 0001:0000c080       sf_mex_check_struct_vs     000000018000d080 f   sfc_mex:sfc_mex.obj
 0001:0000c110       sf_mex_check_fi            000000018000d110 f   sfc_mex:sfc_mex.obj
 0001:0000c210       sf_mex_check_fi_vs         000000018000d210 f   sfc_mex:sfc_mex.obj
 0001:0000c2b0       sf_echo_expression         000000018000d2b0 f   sfc_mex:sfc_mex.obj
 0001:0000c310       sf_assertion_failed        000000018000d310 f   sfc_mex:sfc_mex.obj
 0001:0000c5f0       sf_mex_evalin              000000018000d5f0 f   sfc_mex:sfc_mex.obj
 0001:0000c860       sf_mex_export              000000018000d860 f   sfc_mex:sfc_mex.obj
 0001:0000c920       sf_mex_get_ml_var_no_error 000000018000d920 f   sfc_mex:sfc_mex.obj
 0001:0000cac0       sf_mex_get_ml_var          000000018000dac0 f   sfc_mex:sfc_mex.obj
 0001:0000cf50       ml_set_element_value_in_array 000000018000df50 f   sfc_mex:sfc_mex.obj
 0001:0000e010       sf_mex_call_impl           000000018000f010 f   sfc_mex:sfc_mex.obj
 0001:0000e430       sf_mex_call_debug          000000018000f430 f   sfc_mex:sfc_mex.obj
 0001:0000e460       sf_mex_call                000000018000f460 f   sfc_mex:sfc_mex.obj
 0001:0000eab0       sf_mex_createstruct        000000018000fab0 f   sfc_mex:sfc_mex.obj
 0001:0000ebc0       sf_mex_createstructarray   000000018000fbc0 f   sfc_mex:sfc_mex.obj
 0001:0000ec40       sf_mex_get_mx_datatype_from_sf_datatype 000000018000fc40 f   sfc_mex:sfc_mex.obj
 0001:0000ef50       sf_mex_ml_var_sub          000000018000ff50 f   sfc_mex:sfc_mex.obj
 0001:0000f130       sf_mex_ml_var_subsasgn     0000000180010130 f   sfc_mex:sfc_mex.obj
 0001:0000f530       sf_mex_sub                 0000000180010530 f   sfc_mex:sfc_mex.obj
 0001:0000f740       sf_mex_subsasgn            0000000180010740 f   sfc_mex:sfc_mex.obj
 0001:0000fc50       sf_mex_create              0000000180010c50 f   sfc_mex:sfc_mex.obj
 0001:000105f0       sf_mex_import_named        00000001800115f0 f   sfc_mex:sfc_mex.obj
 0001:00010650       sf_mex_import              0000000180011650 f   sfc_mex:sfc_mex.obj
 0001:000106a0       sf_mex_import_vs           00000001800116a0 f   sfc_mex:sfc_mex.obj
 0001:000107b0       sf_mex_lower_fixpt_mx_array 00000001800117b0 f   sfc_mex:sfc_mex.obj
 0001:00010ad0       sf_debug_chart_instance_initialized_quick 0000000180011ad0 f   sfc_debug:sfcdebug.obj
 0001:00010b50       sf_debug_disp              0000000180011b50 f   sfc_debug:sfcdebug.obj
 0001:00010e20       sf_debug_data_runtime_size_mismatch_error_check 0000000180011e20 f   sfc_debug:sfcdebug.obj
 0001:00010ed0       sf_debug_try_loading_machine 0000000180011ed0 f   sfc_debug:sfcdebug.obj
 0001:00010fd0       sf_debug_reset_current_state_configuration 0000000180011fd0 f   sfc_debug:sfcdebug.obj
 0001:00011050       sf_debug_store_current_state_configuration 0000000180012050 f   sfc_debug:sfcdebug.obj
 0001:000110d0       sf_debug_restore_previous_state_configuration 00000001800120d0 f   sfc_debug:sfcdebug.obj
 0001:00011150       sf_debug_restore_previous_state_configuration2 0000000180012150 f   sfc_debug:sfcdebug.obj
 0001:000111d0       sf_debug_get_event_scope   00000001800121d0 f   sfc_debug:sfcdebug.obj
 0001:00011340       use_debugger_step_animation 0000000180012340 f   sfc_debug:sfcdebug.obj
 0001:00011360       sf_debug_get_script_id     0000000180012360 f   sfc_debug:sfcdebug.obj
 0001:000113f0       sf_debug_set_script_translation 00000001800123f0 f   sfc_debug:sfcdebug.obj
 0001:00011570       sf_debug_extract_message_post_receive_info 0000000180012570 f   sfc_debug:sfcdebug.obj
 0001:00011730       sf_debug_get_current_machine_id 0000000180012730 f   sfc_debug:sfcdebug.obj
 0001:00011750       sf_debug_get_current_optional_integer 0000000180012750 f   sfc_debug:sfcdebug.obj
 0001:00011760       sf_debug_get_current_machine_number 0000000180012760 f   sfc_debug:sfcdebug.obj
 0001:00011780       sf_debug_get_current_machine_name 0000000180012780 f   sfc_debug:sfcdebug.obj
 0001:000117a0       sf_debug_get_current_chart_id 00000001800127a0 f   sfc_debug:sfcdebug.obj
 0001:000117e0       sf_debug_get_current_chart_number 00000001800127e0 f   sfc_debug:sfcdebug.obj
 0001:000117f0       sf_debug_get_current_instance_number 00000001800127f0 f   sfc_debug:sfcdebug.obj
 0001:00011800       sf_debug_get_current_is_minor_time_step 0000000180012800 f   sfc_debug:sfcdebug.obj
 0001:00011880       sf_debug_get_current_object_type 0000000180012880 f   sfc_debug:sfcdebug.obj
 0001:00011890       sf_debug_get_current_instance_handle 0000000180012890 f   sfc_debug:sfcdebug.obj
 0001:000118f0       sf_debug_get_current_event_type 00000001800128f0 f   sfc_debug:sfcdebug.obj
 0001:00011900       sf_debug_get_current_object_id 0000000180012900 f   sfc_debug:sfcdebug.obj
 0001:00011940       sf_debug_get_current_active_event_type 0000000180012940 f   sfc_debug:sfcdebug.obj
 0001:00011950       sf_debug_get_current_active_event_id 0000000180012950 f   sfc_debug:sfcdebug.obj
 0001:00011990       sf_debug_get_current_tag_type 0000000180012990 f   sfc_debug:sfcdebug.obj
 0001:000119a0       sf_debug_get_current_simulation_time 00000001800129a0 f   sfc_debug:sfcdebug.obj
 0001:000119b0       sf_debug_get_current_coverage_percentage 00000001800129b0 f   sfc_debug:sfcdebug.obj
 0001:000119c0       sf_debug_current_statement_context 00000001800129c0 f   sfc_debug:sfcdebug.obj
 0001:00011a40       sf_debug_get_current_statement_info 0000000180012a40 f   sfc_debug:sfcdebug.obj
 0001:00011be0       sf_debug_terminate_instance 0000000180012be0 f   sfc_debug:sfcdebug.obj
 0001:00011f00       sf_debug_assertion_failed  0000000180012f00 f   sfc_debug:sfcdebug.obj
 0001:000120d0       sf_debug_create_debug_instance_struct 00000001800130d0 f   sfc_debug:sfcdebug.obj
 0001:00012120       sf_debug_set_number_of_data_with_change_event_for_machine 0000000180013120 f   sfc_debug:sfcdebug.obj
 0001:00012170       sf_debug_set_machine_event_thresholds 0000000180013170 f   sfc_debug:sfcdebug.obj
 0001:00012190       sf_debug_set_machine_event_scope 0000000180013190 f   sfc_debug:sfcdebug.obj
 0001:000121e0       sf_debug_set_machine_data_thresholds 00000001800131e0 f   sfc_debug:sfcdebug.obj
 0001:00012230       sf_debug_set_machine_data_scope 0000000180013230 f   sfc_debug:sfcdebug.obj
 0001:000122d0       sf_debug_set_machine_data_name 00000001800132d0 f   sfc_debug:sfcdebug.obj
 0001:00012380       sf_debug_set_machine_data_size 0000000180013380 f   sfc_debug:sfcdebug.obj
 0001:000124d0       sf_debug_set_machine_data_type 00000001800134d0 f   sfc_debug:sfcdebug.obj
 0001:00012640       sf_debug_get_chart_data_number 0000000180013640 f   sfc_debug:sfcdebug.obj
 0001:00012660       sf_debug_get_chart_event_number 0000000180013660 f   sfc_debug:sfcdebug.obj
 0001:00012680       sf_debug_set_chart_state_info 0000000180013680 f   sfc_debug:sfcdebug.obj
 0001:00012710       sf_debug_set_chart_decomposition 0000000180013710 f   sfc_debug:sfcdebug.obj
 0001:00012780       sf_debug_set_chart_substate_count 0000000180013780 f   sfc_debug:sfcdebug.obj
 0001:00012860       sf_debug_set_chart_substate_index 0000000180013860 f   sfc_debug:sfcdebug.obj
 0001:000128e0       sf_debug_set_chart_state_substate_count 00000001800138e0 f   sfc_debug:sfcdebug.obj
 0001:00012a00       sf_debug_set_chart_state_substate_index 0000000180013a00 f   sfc_debug:sfcdebug.obj
 0001:00012a90       sf_debug_set_number_of_data_with_change_event_for_chart 0000000180013a90 f   sfc_debug:sfcdebug.obj
 0001:00012b20       sf_debug_set_number_of_states_with_entry_event_for_chart 0000000180013b20 f   sfc_debug:sfcdebug.obj
 0001:00012ba0       sf_debug_set_number_of_states_with_exit_event_for_chart 0000000180013ba0 f   sfc_debug:sfcdebug.obj
 0001:00012c20       sf_debug_set_chart_disable_implicit_casting 0000000180013c20 f   sfc_debug:sfcdebug.obj
 0001:00012c90       sf_debug_set_chart_event_thresholds 0000000180013c90 f   sfc_debug:sfcdebug.obj
 0001:00012d10       sf_debug_set_chart_data_compiled_props 0000000180013d10 f   sfc_debug:sfcdebug.obj
 0001:00013050       sf_debug_set_chart_data_props 0000000180014050 f   sfc_debug:sfcdebug.obj
 0001:00013370       sf_debug_check_fi_license  0000000180014370 f   sfc_debug:sfcdebug.obj
 0001:00013530       sf_debug_symbol_scope_push 0000000180014530 f   sfc_debug:sfcdebug.obj
 0001:00013570       sf_debug_symbol_scope_push_eml 0000000180014570 f   sfc_debug:sfcdebug.obj
 0001:000135c0       sf_debug_symbol_scope_pop  00000001800145c0 f   sfc_debug:sfcdebug.obj
 0001:00013600       sf_debug_symbol_scope_add_importable 0000000180014600 f   sfc_debug:sfcdebug.obj
 0001:00013680       sf_debug_symbol_scope_add  0000000180014680 f   sfc_debug:sfcdebug.obj
 0001:00013700       sf_debug_symbol_scope_add_dyn_importable 0000000180014700 f   sfc_debug:sfcdebug.obj
 0001:000137c0       sf_debug_symbol_scope_add_dyn 00000001800147c0 f   sfc_debug:sfcdebug.obj
 0001:00013800       sf_debug_symbol_scope_add_eml_importable 0000000180014800 f   sfc_debug:sfcdebug.obj
 0001:00013840       sf_debug_symbol_scope_add_eml 0000000180014840 f   sfc_debug:sfcdebug.obj
 0001:00013880       sf_debug_symbol_scope_add_eml_dyn_importable 0000000180014880 f   sfc_debug:sfcdebug.obj
 0001:000138e0       sf_debug_symbol_scope_add_eml_dyn 00000001800148e0 f   sfc_debug:sfcdebug.obj
 0001:00013940       sf_debug_symbol_switch     0000000180014940 f   sfc_debug:sfcdebug.obj
 0001:00013960       sf_debug_symbol_scope_add_verbose 0000000180014960 f   sfc_debug:sfcdebug.obj
 0001:00013a30       sf_debug_set_machine_data_value_ptr 0000000180014a30 f   sfc_debug:sfcdebug.obj
 0001:00013a70       sf_debug_set_instance_data_value_ptr 0000000180014a70 f   sfc_debug:sfcdebug.obj
 0001:00013b40       sf_debug_unset_instance_data_value_ptr 0000000180014b40 f   sfc_debug:sfcdebug.obj
 0001:00013bf0       sf_debug_set_chart_event_scope 0000000180014bf0 f   sfc_debug:sfcdebug.obj
 0001:00013c70       sf_debug_set_chart_transition_coverage_maps 0000000180014c70 f   sfc_debug:sfcdebug.obj
 0001:00013d70       sf_debug_set_chart_state_coverage_maps 0000000180014d70 f   sfc_debug:sfcdebug.obj
 0001:00013e40       sf_debug_set_instance_transition_coverage_weights 0000000180014e40 f   sfc_debug:sfcdebug.obj
 0001:00013ed0       sf_debug_set_instance_state_coverage_weights 0000000180014ed0 f   sfc_debug:sfcdebug.obj
 0001:00014120       sf_debug_unload_machine    0000000180015120 f   sfc_debug:sfcdebug.obj
 0001:00014170       sf_debug_load_machine      0000000180015170 f   sfc_debug:sfcdebug.obj
 0001:00014280       sf_debug_set_active_instance_in_data_dictionary 0000000180015280 f   sfc_debug:sfcdebug.obj
 0001:00014460       sf_debug_set_active_instance 0000000180015460 f   sfc_debug:sfcdebug.obj
 0001:000145c0       sf_debug_chart_visiblity_change 00000001800155c0 f   sfc_debug:sfcdebug.obj
 0001:000146b0       sf_debug_select_chart      00000001800156b0 f   sfc_debug:sfcdebug.obj
 0001:00014810       sf_debug_set_instance_cv_ids 0000000180015810 f   sfc_debug:sfcdebug.obj
 0001:00014b40       sf_debug_select_charts     0000000180015b40 f   sfc_debug:sfcdebug.obj
 0001:00014cf0       sf_debug_initialized       0000000180015cf0 f   sfc_debug:sfcdebug.obj
 0001:00014d10       sf_debug_is_uninterruptible 0000000180015d10 f   sfc_debug:sfcdebug.obj
 0001:00014d40       sf_debug_initialize_debugger_gui 0000000180015d40 f   sfc_debug:sfcdebug.obj
 0001:00015120       sf_debug_resume            0000000180016120 f   sfc_debug:sfcdebug.obj
 0001:00015140       sf_debug_go                0000000180016140 f   sfc_debug:sfcdebug.obj
 0001:00015150       sf_debug_break             0000000180016150 f   sfc_debug:sfcdebug.obj
 0001:00015160       sf_debug_step_over         0000000180016160 f   sfc_debug:sfcdebug.obj
 0001:00015170       sf_debug_step_out          0000000180016170 f   sfc_debug:sfcdebug.obj
 0001:00015180       sf_debug_set_disable_all_breakpoints 0000000180016180 f   sfc_debug:sfcdebug.obj
 0001:00015190       sf_debug_disable_all_breakpoints_and_go 0000000180016190 f   sfc_debug:sfcdebug.obj
 0001:000151a0       sf_debug_break_on_chart_entry 00000001800161a0 f   sfc_debug:sfcdebug.obj
 0001:000151b0       sf_debug_break_on_event_broadcast 00000001800161b0 f   sfc_debug:sfcdebug.obj
 0001:000151c0       sf_debug_break_on_state_entry 00000001800161c0 f   sfc_debug:sfcdebug.obj
 0001:000151d0       sf_debug_break_between_times 00000001800161d0 f   sfc_debug:sfcdebug.obj
 0001:000151f0       sf_debug_browse_data       00000001800161f0 f   sfc_debug:sfcdebug.obj
 0001:00015200       sf_debug_watch_data        0000000180016200 f   sfc_debug:sfcdebug.obj
 0001:00015230       sf_debug_assign_data       0000000180016230 f   sfc_debug:sfcdebug.obj
 0001:00015240       sf_debug_whos              0000000180016240 f   sfc_debug:sfcdebug.obj
 0001:00015260       sf_debug_get_consistency_info 0000000180016260 f   sfc_debug:sfcdebug.obj
 0001:00015270       sf_debug_browse_trace      0000000180016270 f   sfc_debug:sfcdebug.obj
 0001:00015280       sf_debug_set_breakpoints   0000000180016280 f   sfc_debug:sfcdebug.obj
 0001:000153f0       sf_debug_set_eml_breakpoints 00000001800163f0 f   sfc_debug:sfcdebug.obj
 0001:00015550       sf_debug_set_script_breakpoints 0000000180016550 f   sfc_debug:sfcdebug.obj
 0001:000155d0       sf_debug_add_script_breakpoints 00000001800165d0 f   sfc_debug:sfcdebug.obj
 0001:00015640       sf_debug_clear_script_breakpoints 0000000180016640 f   sfc_debug:sfcdebug.obj
 0001:000156b0       sf_debug_query_script_breakpoints 00000001800166b0 f   sfc_debug:sfcdebug.obj
 0001:00015760       sf_debug_get_eml_script_id 0000000180016760 f   sfc_debug:sfcdebug.obj
 0001:000157b0       sf_debug_set_watch         00000001800167b0 f   sfc_debug:sfcdebug.obj
 0001:000159d0       sf_debug_get_instance_handle 00000001800169d0 f   sfc_debug:sfcdebug.obj
 0001:00015a60       sf_debug_get_active_states 0000000180016a60 f   sfc_debug:sfcdebug.obj
 0001:00015a70       sf_debug_set_honor_breakpoints 0000000180016a70 f   sfc_debug:sfcdebug.obj
 0001:00015a80       sf_debug_get_animation     0000000180016a80 f   sfc_debug:sfcdebug.obj
 0001:00015a90       sf_debug_set_animation     0000000180016a90 f   sfc_debug:sfcdebug.obj
 0001:00015aa0       sf_debug_animate           0000000180016aa0 f   sfc_debug:sfcdebug.obj
 0001:00015ac0       sf_debug_cycle_detection_check 0000000180016ac0 f   sfc_debug:sfcdebug.obj
 0001:00015ad0       sf_debug_data_range_check  0000000180016ad0 f   sfc_debug:sfcdebug.obj
 0001:00015ae0       sf_debug_transition_conflict_check 0000000180016ae0 f   sfc_debug:sfcdebug.obj
 0001:00015af0       sf_debug_state_consistency_check 0000000180016af0 f   sfc_debug:sfcdebug.obj
 0001:00015b00       sf_debug_data_range_check_enabled 0000000180016b00 f   sfc_debug:sfcdebug.obj
 0001:00015b20       sf_debug_transition_conflict_check_enabled 0000000180016b20 f   sfc_debug:sfcdebug.obj
 0001:00015b40       sf_debug_transition_conflict_check_begin 0000000180016b40 f   sfc_debug:sfcdebug.obj
 0001:00015b60       sf_debug_transition_conflict_check_end 0000000180016b60 f   sfc_debug:sfcdebug.obj
 0001:00015b80       sf_debug_stop_debugging    0000000180016b80 f   sfc_debug:sfcdebug.obj
 0001:00015bb0       sf_debug_is_cycle_detected 0000000180016bb0 f   sfc_debug:sfcdebug.obj
 0001:00015bc0       sf_debug_is_array_bounds_detected 0000000180016bc0 f   sfc_debug:sfcdebug.obj
 0001:00015bd0       sf_debug_get_state_vectors_data_size 0000000180016bd0 f   sfc_debug:sfcdebug.obj
 0001:00015c10       sf_debug_get_state_vectors_data 0000000180016c10 f   sfc_debug:sfcdebug.obj
 0001:00015d20       sf_debug_set_state_vectors_data 0000000180016d20 f   sfc_debug:sfcdebug.obj
 0001:00015fb0       sf_debug_get_script_index  0000000180016fb0 f   sfc_debug:sfcdebug.obj
 0001:00016140       sf_debug_add_script        0000000180017140 f   sfc_debug:sfcdebug.obj
 0001:000162d0       cv_eval_point              00000001800172d0 f   sfc_debug:sfcdebug.obj
 0001:00016440       cv_eval_testobjective      0000000180017440 f   sfc_debug:sfcdebug.obj
 0001:00016550       sf_debug_cv_init_state     0000000180017550 f   sfc_debug:sfcdebug.obj
 0001:00016680       sf_debug_cv_init_chart     0000000180017680 f   sfc_debug:sfcdebug.obj
 0001:00016770       sf_debug_cv_init_trans     0000000180017770 f   sfc_debug:sfcdebug.obj
 0001:00016880       sf_debug_cv_init_saturation 0000000180017880 f   sfc_debug:sfcdebug.obj
 0001:00016980       sf_debug_cv_init_testobjectives 0000000180017980 f   sfc_debug:sfcdebug.obj
 0001:00016b60       cv_eml_init_script         0000000180017b60 f   sfc_debug:sfcdebug.obj
 0001:00016c80       cv_eml_init_fcn            0000000180017c80 f   sfc_debug:sfcdebug.obj
 0001:00016d90       cv_eml_init_testobjective  0000000180017d90 f   sfc_debug:sfcdebug.obj
 0001:00016e70       cv_eml_init_saturation     0000000180017e70 f   sfc_debug:sfcdebug.obj
 0001:00016f40       cv_eml_init_if             0000000180017f40 f   sfc_debug:sfcdebug.obj
 0001:00017020       cv_eml_init_for            0000000180018020 f   sfc_debug:sfcdebug.obj
 0001:000170f0       cv_eml_init_while          00000001800180f0 f   sfc_debug:sfcdebug.obj
 0001:000171c0       cv_eml_init_mcdc           00000001800181c0 f   sfc_debug:sfcdebug.obj
 0001:000172e0       cv_eml_init_switch         00000001800182e0 f   sfc_debug:sfcdebug.obj
 0001:000173e0       cv_eml_eval                00000001800183e0 f   sfc_debug:sfcdebug.obj
 0001:000174d0       sf_debug_bm_is_a_eml_breakpoint 00000001800184d0 f   sfc_debug:sfcdebug.obj
 0001:00017620       sf_debug_temporal_threshold 0000000180018620 f   sfc_debug:sfcdebug.obj
 0001:00017990       sf_debug_transition_conflict_error 0000000180018990 f   sfc_debug:sfcdebug.obj
 0001:00017cf0       sf_debug_state_inconsistency_error 0000000180018cf0 f   sfc_debug:sfcdebug.obj
 0001:00017e10       sf_debug_check_for_state_inconsistency 0000000180018e10 f   sfc_debug:sfcdebug.obj
 0001:00017e50       sf_debug_cycle_detecton_error 0000000180018e50 f   sfc_debug:sfcdebug.obj
 0001:000185a0       sf_debug_size_eq_check_1d  00000001800195a0 f   sfc_debug:sfcdebug.obj
 0001:000185c0       sf_debug_size_eq_check_nd  00000001800195c0 f   sfc_debug:sfcdebug.obj
 0001:000187c0       sf_debug_dim_size_eq_check 00000001800197c0 f   sfc_debug:sfcdebug.obj
 0001:000187f0       sf_debug_dim_size_geq_check 00000001800197f0 f   sfc_debug:sfcdebug.obj
 0001:00018820       sf_debug_sub_assign_size_check_nd 0000000180019820 f   sfc_debug:sfcdebug.obj
 0001:00018a00       sf_debug_matrix_matrix_index_check 0000000180019a00 f   sfc_debug:sfcdebug.obj
 0001:00018a50       sf_debug_vector_vector_index_check 0000000180019a50 f   sfc_debug:sfcdebug.obj
 0001:00018aa0       sf_debug_for_loop_vector_check 0000000180019aa0 f   sfc_debug:sfcdebug.obj
 0001:00018b40       sf_debug_runtime_error_msgid 0000000180019b40 f   sfc_debug:sfcdebug.obj
 0001:00018be0       sf_debug_data_array_bounds_error_check 0000000180019be0 f   sfc_debug:sfcdebug.obj
 0001:00018cf0       sf_debug_eml_data_array_bounds_error_check 0000000180019cf0 f   sfc_debug:sfcdebug.obj
 0001:000191b0       sf_debug_integer_check     000000018001a1b0 f   sfc_debug:sfcdebug.obj
 0001:000192a0       sf_debug_not_nan_check     000000018001a2a0 f   sfc_debug:sfcdebug.obj
 0001:00019370       sf_debug_non_negative_check 000000018001a370 f   sfc_debug:sfcdebug.obj
 0001:00019440       sf_debug_overflow_detection 000000018001a440 f   sfc_debug:sfcdebug.obj
 0001:00019aa0       sf_debug_cast_to_real32_T  000000018001aaa0 f   sfc_debug:sfcdebug.obj
 0001:00019b70       sf_debug_cast_to_int8_T    000000018001ab70 f   sfc_debug:sfcdebug.obj
 0001:00019c40       sf_debug_cast_to_uint8_T   000000018001ac40 f   sfc_debug:sfcdebug.obj
 0001:00019d10       sf_debug_cast_to_int16_T   000000018001ad10 f   sfc_debug:sfcdebug.obj
 0001:00019de0       sf_debug_cast_to_uint16_T  000000018001ade0 f   sfc_debug:sfcdebug.obj
 0001:00019eb0       sf_debug_cast_to_int32_T   000000018001aeb0 f   sfc_debug:sfcdebug.obj
 0001:00019f80       sf_debug_cast_to_uint32_T  000000018001af80 f   sfc_debug:sfcdebug.obj
 0001:0001a050       sf_debug_data_range_error  000000018001b050 f   sfc_debug:sfcdebug.obj
 0001:0001a360       sf_debug_read_before_write_check 000000018001b360 f   sfc_debug:sfcdebug.obj
 0001:0001a790       sf_debug_data_range_error_wrapper_min_max 000000018001b790 f   sfc_debug:sfcdebug.obj
 0001:0001a8b0       sf_debug_data_range_error_wrapper_min 000000018001b8b0 f   sfc_debug:sfcdebug.obj
 0001:0001a9c0       sf_debug_data_range_error_wrapper_max 000000018001b9c0 f   sfc_debug:sfcdebug.obj
 0001:0001aad0       sf_debug_data_range_wrapper 000000018001bad0 f   sfc_debug:sfcdebug.obj
 0001:0001ab90       sf_debug_set_current_status_info 000000018001bb90 f   sfc_debug:sfcdebug.obj
 0001:0001af30       sf_debug_register_message_post_receive_info 000000018001bf30 f   sfc_debug:sfcdebug.obj
 0001:0001b180       sf_debug_call              000000018001c180 f   sfc_debug:sfcdebug.obj
 0001:0001bae0       sf_debug_initialize_machine 000000018001cae0 f   sfc_debug:sfcdebug.obj
 0001:0001bd90       sf_debug_initialize_chart  000000018001cd90 f   sfc_debug:sfcdebug.obj
 0001:0001c1e0       sf_debug_ensure_script     000000018001d1e0 f   sfc_debug:sfcdebug.obj
 0001:0001c290       cv_eval_saturation         000000018001d290 f   sfc_debug:sfcdebug.obj
 0001:0001c410       cv_saturation_accum        000000018001d410 f   sfc_debug:sfcdebug.obj
 0001:0001c550       cv_script_init_script      000000018001d550 f   sfc_debug:sfcdebug.obj
 0001:0001c640       cv_script_init_fcn         000000018001d640 f   sfc_debug:sfcdebug.obj
 0001:0001c700       cv_script_init_testobjective 000000018001d700 f   sfc_debug:sfcdebug.obj
 0001:0001c7c0       cv_script_init_saturation  000000018001d7c0 f   sfc_debug:sfcdebug.obj
 0001:0001c870       cv_script_init_if          000000018001d870 f   sfc_debug:sfcdebug.obj
 0001:0001c930       cv_script_init_for         000000018001d930 f   sfc_debug:sfcdebug.obj
 0001:0001c9e0       cv_script_init_while       000000018001d9e0 f   sfc_debug:sfcdebug.obj
 0001:0001ca90       cv_script_init_mcdc        000000018001da90 f   sfc_debug:sfcdebug.obj
 0001:0001cb90       cv_script_init_switch      000000018001db90 f   sfc_debug:sfcdebug.obj
 0001:0001cc70       cv_script_eval             000000018001dc70 f   sfc_debug:sfcdebug.obj
 0001:0001cd40       eml_debug_line_call        000000018001dd40 f   sfc_debug:sfcdebug.obj
 0001:0001cf10       sf_debug_terminate         000000018001df10 f   sfc_debug:sfcdebug.obj
 0001:0001d120       sf_debug_set_script_cv_ids 000000018001e120 f   sfc_debug:sfcdebug.obj
 0001:0001d250       sf_debug_api               000000018001e250 f   sfc_debug:sfc_api.obj
 0001:0001eb40       sf_debug_sm_terminate      000000018001fb40 f   sfc_debug:sfdb_animation.obj
 0001:0001ecf0       sf_debug_reset_path_objects 000000018001fcf0 f   sfc_debug:sfdb_animation.obj
 0001:0001ed70       sf_debug_sm_reset_object_selection_status 000000018001fd70 f   sfc_debug:sfdb_animation.obj
 0001:0001ee10       sf_debug_sm_reset_state_buffer 000000018001fe10 f   sfc_debug:sfdb_animation.obj
 0001:0001eee0       sf_debug_sm_store_state_buffer 000000018001fee0 f   sfc_debug:sfdb_animation.obj
 0001:0001ef60       sf_debug_sm_restore_state_buffer1 000000018001ff60 f   sfc_debug:sfdb_animation.obj
 0001:0001efd0       sf_debug_sm_restore_state_buffer2 000000018001ffd0 f   sfc_debug:sfdb_animation.obj
 0001:0001f040       sf_debug_sm_chart_active   0000000180020040 f   sfc_debug:sfdb_animation.obj
 0001:0001f090       sf_debug_sm_select_active_objects 0000000180020090 f   sfc_debug:sfdb_animation.obj
 0001:0001f560       sf_debug_sm_is_chart_active 0000000180020560 f   sfc_debug:sfdb_animation.obj
 0001:0001f5a0       sf_debug_sm_is_state_active 00000001800205a0 f   sfc_debug:sfdb_animation.obj
 0001:0001f7e0       sf_debug_sm_get_active_states 00000001800207e0 f   sfc_debug:sfdb_animation.obj
 0001:0001fd90       sf_debug_sm_initialize_instance 0000000180020d90 f   sfc_debug:sfdb_animation.obj
 0001:0001ffa0       sf_debug_sm_change_object_selection_status 0000000180020fa0 f   sfc_debug:sfdb_animation.obj
 0001:00020270       cv_create_interface        0000000180021270 f   sfc_debug:cv_sfinterface.obj
 0001:00020580       cv_init_trans              0000000180021580 f   sfc_debug:cv_sfinterface.obj
 0001:000205d0       cv_init_saturation         00000001800215d0 f   sfc_debug:cv_sfinterface.obj
 0001:00020610       cv_init_testobjective      0000000180021610 f   sfc_debug:cv_sfinterface.obj
 0001:00020650       cv_init_state              0000000180021650 f   sfc_debug:cv_sfinterface.obj
 0001:000206c0       cv_init_chart              00000001800216c0 f   sfc_debug:cv_sfinterface.obj
 0001:00020710       cv_dec_update_call         0000000180021710 f   sfc_debug:cv_sfinterface.obj
 0001:00020750       cv_cond_update_call        0000000180021750 f   sfc_debug:cv_sfinterface.obj
 0001:00020790       cv_saturation_update_call  0000000180021790 f   sfc_debug:cv_sfinterface.obj
 0001:000207d0       cv_saturation_update_accum 00000001800217d0 f   sfc_debug:cv_sfinterface.obj
 0001:00020810       cv_testobjective_update_call 0000000180021810 f   sfc_debug:cv_sfinterface.obj
 0001:00020850       cv_sigrange_update         0000000180021850 f   sfc_debug:cv_sfinterface.obj
 0001:00020890       cvsf_eml_eval              0000000180021890 f   sfc_debug:cv_sfinterface.obj
 0001:00020970       cvsf_eml_init_script       0000000180021970 f   sfc_debug:cv_sfinterface.obj
 0001:00020a00       cvsf_eml_init_fcn          0000000180021a00 f   sfc_debug:cv_sfinterface.obj
 0001:00020a60       cvsf_eml_init_testobjective 0000000180021a60 f   sfc_debug:cv_sfinterface.obj
 0001:00020ac0       cvsf_eml_init_saturation   0000000180021ac0 f   sfc_debug:cv_sfinterface.obj
 0001:00020b10       cvsf_eml_init_if           0000000180021b10 f   sfc_debug:cv_sfinterface.obj
 0001:00020b70       cvsf_eml_init_for          0000000180021b70 f   sfc_debug:cv_sfinterface.obj
 0001:00020bc0       cvsf_eml_init_while        0000000180021bc0 f   sfc_debug:cv_sfinterface.obj
 0001:00020c10       cvsf_eml_init_mcdc         0000000180021c10 f   sfc_debug:cv_sfinterface.obj
 0001:00020ca0       cvsf_eml_init_switch       0000000180021ca0 f   sfc_debug:cv_sfinterface.obj
 0001:00020d10       cvsf_script_eval           0000000180021d10 f   sfc_debug:cv_sfinterface.obj
 0001:00020df0       cvsf_script_init_script    0000000180021df0 f   sfc_debug:cv_sfinterface.obj
 0001:00020e80       cvsf_script_init_fcn       0000000180021e80 f   sfc_debug:cv_sfinterface.obj
 0001:00020ee0       cvsf_script_init_testobjective 0000000180021ee0 f   sfc_debug:cv_sfinterface.obj
 0001:00020f40       cvsf_script_init_saturation 0000000180021f40 f   sfc_debug:cv_sfinterface.obj
 0001:00020f90       cvsf_script_init_if        0000000180021f90 f   sfc_debug:cv_sfinterface.obj
 0001:00020ff0       cvsf_script_init_for       0000000180021ff0 f   sfc_debug:cv_sfinterface.obj
 0001:00021040       cvsf_script_init_while     0000000180022040 f   sfc_debug:cv_sfinterface.obj
 0001:00021090       cvsf_script_init_mcdc      0000000180022090 f   sfc_debug:cv_sfinterface.obj
 0001:00021120       cvsf_script_init_switch    0000000180022120 f   sfc_debug:cv_sfinterface.obj
 0001:00021190       cv_destroy_interface       0000000180022190 f   sfc_debug:cv_sfinterface.obj
 0001:000211b0       cv_create_instance_objects 00000001800221b0 f   sfc_debug:cv_sfinterface.obj
 0001:00021620       cv_is_enabled              0000000180022620 f   sfc_debug:cv_sfinterface.obj
 0001:00021630       sf_debug_cv_initialize_script 0000000180022630 f   sfc_debug:cv_sfinterface.obj
 0001:000217c0       sf_debug_cv_initialize_instance 00000001800227c0 f   sfc_debug:cv_sfinterface.obj
 0001:00021b50       sf_debug_cv_terminate_chart 0000000180022b50 f   sfc_debug:cv_sfinterface.obj
 0001:00021c70       cv_call_trans_test         0000000180022c70 f   sfc_debug:cv_sfinterface.obj
 0001:00021c80       cv_call_sub_cond_test      0000000180022c80 f   sfc_debug:cv_sfinterface.obj
 0001:00021cc0       sf_debug_st_initialize_machine 0000000180022cc0 f   sfc_debug:sfdb_data_browse.obj
 0001:00021d70       sf_debug_st_initialize_instance 0000000180022d70 f   sfc_debug:sfdb_data_browse.obj
 0001:00021f80       sf_debug_st_terminate      0000000180022f80 f   sfc_debug:sfdb_data_browse.obj
 0001:00022320       sf_debug_st_set_data_value_ptr_in_machine 0000000180023320 f   sfc_debug:sfdb_data_browse.obj
 0001:000223b0       sf_debug_st_set_data_value_ptr_in_instance 00000001800233b0 f   sfc_debug:sfdb_data_browse.obj
 0001:00022490       sf_debug_st_unset_data_value_ptr_in_machine 0000000180023490 f   sfc_debug:sfdb_data_browse.obj
 0001:00022500       sf_debug_st_unset_data_value_ptr_in_instance 0000000180023500 f   sfc_debug:sfdb_data_browse.obj
 0001:000227c0       sf_debug_mx_value          00000001800237c0 f   sfc_debug:sfdb_data_browse.obj
 0001:00022820       sf_debug_mx_packed_vector  0000000180023820 f   sfc_debug:sfdb_data_browse.obj
 0001:00022900       sf_debug_mx_uint_vector    0000000180023900 f   sfc_debug:sfdb_data_browse.obj
 0001:000229b0       sf_debug_st_get_double_value_from_void_ptr_vector 00000001800239b0 f   sfc_debug:sfdb_data_browse.obj
 0001:00023490       sf_debug_st_browse_data    0000000180024490 f   sfc_debug:sfdb_data_browse.obj
 0001:00023cd0       sf_debug_hm_initialize_instance 0000000180024cd0 f   sfc_debug:sfdb_handle_management.obj
 0001:000241b0       sf_debug_hm_get_object_id  00000001800251b0 f   sfc_debug:sfdb_handle_management.obj
 0001:00024d60       sf_debug_hm_update_chart_visibility 0000000180025d60 f   sfc_debug:sfdb_handle_management.obj
 0001:00025f50       sf_debug_object_is_eml_function 0000000180026f50 f   sfc_debug:sfdb_handle_management.obj
 0001:00025fc0       sf_debug_hm_initialize_ids_in_machine 0000000180026fc0 f   sfc_debug:sfdb_handle_management.obj
 0001:00026130       sf_debug_hm_initialize_ids_in_chart 0000000180027130 f   sfc_debug:sfdb_handle_management.obj
 0001:00026230       sf_debug_hm_initialize_chart 0000000180027230 f   sfc_debug:sfdb_handle_management.obj
 0001:00026930       sf_debug_hm_terminate      0000000180027930 f   sfc_debug:sfdb_handle_management.obj
 0001:00026990       sf_debug_hm_initialize_machine 0000000180027990 f   sfc_debug:sfdb_handle_management.obj
 0001:000270b0       sf_debug_ss_initialize     00000001800280b0 f   sfc_debug:sfdb_symbol_scope.obj
 0001:000270d0       sf_debug_ss_terminate      00000001800280d0 f   sfc_debug:sfdb_symbol_scope.obj
 0001:00027160       sf_debug_ss_push_symbol_scope 0000000180028160 f   sfc_debug:sfdb_symbol_scope.obj
 0001:00027260       sf_debug_ss_push_symbol_scope_eml 0000000180028260 f   sfc_debug:sfdb_symbol_scope.obj
 0001:000272c0       sf_debug_ss_pop_symbol_scope 00000001800282c0 f   sfc_debug:sfdb_symbol_scope.obj
 0001:00027370       sf_debug_ss_add_symbol     0000000180028370 f   sfc_debug:sfdb_symbol_scope.obj
 0001:000274e0       sf_debug_ss_add_symbol_eml 00000001800284e0 f   sfc_debug:sfdb_symbol_scope.obj
 0001:000283e0       sf_debug_ss_set_data_value 00000001800293e0 f   sfc_debug:sfdb_symbol_scope.obj
 0001:00028830       getInstanceNumber          0000000180029830 f   sfc_debug:sfdb_symbol_scope.obj
 0001:00028900       sf_debug_ss_watch_data     0000000180029900 f   sfc_debug:sfdb_symbol_scope.obj
 0001:00028af0       sf_debug_ss_assign_data    0000000180029af0 f   sfc_debug:sfdb_symbol_scope.obj
 0001:00029500       get_data_entry_name        000000018002a500 f   sfc_debug:sfdb_symbol_scope.obj
 0001:00029550       sf_debug_ss_whos           000000018002a550 f   sfc_debug:sfdb_symbol_scope.obj
 0001:00029ba0       sf_debug_cc_initialize_chart 000000018002aba0 f   sfc_debug:sfdb_coverage.obj
 0001:0002a590       sf_debug_cc_initialize_instance 000000018002b590 f   sfc_debug:sfdb_coverage.obj
 0001:0002b2d0       sf_debug_cc_terminate      000000018002c2d0 f   sfc_debug:sfdb_coverage.obj
 0001:0002b3c0       sf_debug_cc_set_transition_maps 000000018002c3c0 f   sfc_debug:sfdb_coverage.obj
 0001:0002b4f0       sf_debug_cc_set_state_maps 000000018002c4f0 f   sfc_debug:sfdb_coverage.obj
 0001:0002b5d0       sf_debug_cc_set_transition_weights 000000018002c5d0 f   sfc_debug:sfdb_coverage.obj
 0001:0002b890       sf_debug_cc_set_state_weights 000000018002c890 f   sfc_debug:sfdb_coverage.obj
 0001:0002bb60       sf_debug_cc_mark_transition_guard 000000018002cb60 f   sfc_debug:sfdb_coverage.obj
 0001:0002bbf0       sf_debug_cc_mark_transition_trigger 000000018002cbf0 f   sfc_debug:sfdb_coverage.obj
 0001:0002bc80       sf_debug_cc_mark_transition_decision 000000018002cc80 f   sfc_debug:sfdb_coverage.obj
 0001:0002bcf0       sf_debug_cc_mark_transition_condition_action 000000018002ccf0 f   sfc_debug:sfdb_coverage.obj
 0001:0002bd40       sf_debug_cc_mark_transition_transition_action 000000018002cd40 f   sfc_debug:sfdb_coverage.obj
 0001:0002bd90       sf_debug_cc_mark_state_entry 000000018002cd90 f   sfc_debug:sfdb_coverage.obj
 0001:0002bde0       sf_debug_cc_mark_state_during 000000018002cde0 f   sfc_debug:sfdb_coverage.obj
 0001:0002be30       sf_debug_cc_mark_state_exit 000000018002ce30 f   sfc_debug:sfdb_coverage.obj
 0001:0002be80       sf_debug_bm_clear_script_breakpoints 000000018002ce80 f   sfc_debug:sfdb_breakpoints.obj
 0001:0002beb0       sf_debug_bm_set_script_breakpoint 000000018002ceb0 f   sfc_debug:sfdb_breakpoints.obj
 0001:0002bf30       sf_debug_bm_clear_single_script_breakpoint 000000018002cf30 f   sfc_debug:sfdb_breakpoints.obj
 0001:0002bfb0       sf_debug_bm_query_script_breakpoint 000000018002cfb0 f   sfc_debug:sfdb_breakpoints.obj
 0001:0002c000       sf_debug_bm_initialize_scripts 000000018002d000 f   sfc_debug:sfdb_breakpoints.obj
 0001:0002c690       sf_debug_bm_terminate      000000018002d690 f   sfc_debug:sfdb_breakpoints.obj
 0001:0002c970       sf_debug_bm_remove_all_breakpoints_in_machine 000000018002d970 f   sfc_debug:sfdb_breakpoints.obj
 0001:0002c9d0       sf_debug_bm_remove_all_breakpoints_in_chart 000000018002d9d0 f   sfc_debug:sfdb_breakpoints.obj
 0001:0002cb20       sf_debug_bm_initialize_global_breakpoints 000000018002db20 f   sfc_debug:sfdb_breakpoints.obj
 0001:0002cca0       sf_debug_bm_set_breakpoint 000000018002dca0 f   sfc_debug:sfdb_breakpoints.obj
 0001:0002d260       sf_debug_bm_set_eml_breakpoint 000000018002e260 f   sfc_debug:sfdb_breakpoints.obj
 0001:0002d2f0       sf_debug_bm_initialize_machine_breakpoint_map 000000018002e2f0 f   sfc_debug:sfdb_breakpoints.obj
 0001:0002d710       sf_debug_bm_is_a_breakpoint 000000018002e710 f   sfc_debug:sfdb_breakpoints.obj
 0001:0002dc30       sf_debug_bm_get_all_breakpoints_in_machine 000000018002ec30 f   sfc_debug:sfdb_breakpoints.obj
 0001:0002df30       sf_debug_bm_get_all_breakpoints_in_chart 000000018002ef30 f   sfc_debug:sfdb_breakpoints.obj
 0001:0002eac0       sf_debug_bm_initialize_machine 000000018002fac0 f   sfc_debug:sfdb_breakpoints.obj
 0001:0002eb90       sf_debug_bm_initialize_chart 000000018002fb90 f   sfc_debug:sfdb_breakpoints.obj
 0001:0002ef80       sf_debug_sc_terminate      000000018002ff80 f   sfc_debug:sfdb_state_consistency.obj
 0001:0002f2a0       sf_debug_sc_is_chart_consistent 00000001800302a0 f   sfc_debug:sfdb_state_consistency.obj
 0001:0002f550       sf_debug_sc_get_consistency_error_info 0000000180030550 f   sfc_debug:sfdb_state_consistency.obj
 0001:0002f960       sf_debug_tm_terminate      0000000180030960 f   sfc_debug:sfdb_call_stack.obj
 0001:0002fa10       sf_debug_tm_push_chart_instance 0000000180030a10 f   sfc_debug:sfdb_call_stack.obj
 0001:0002fb50       sf_debug_tm_pop_chart_instance 0000000180030b50 f   sfc_debug:sfdb_call_stack.obj
 0001:0002fbb0       sf_debug_tm_push_trace_node 0000000180030bb0 f   sfc_debug:sfdb_call_stack.obj
 0001:0002fd30       sf_debug_tm_pop_trace_node 0000000180030d30 f   sfc_debug:sfdb_call_stack.obj
 0001:0002fdb0       sf_debug_tm_get_current_global_trace_index 0000000180030db0 f   sfc_debug:sfdb_call_stack.obj
 0001:0002fdc0       sf_debug_tm_get_current_local_trace_index 0000000180030dc0 f   sfc_debug:sfdb_call_stack.obj
 0001:0002fdf0       sf_debug_tm_set_cycle_detected_flag 0000000180030df0 f   sfc_debug:sfdb_call_stack.obj
 0001:0002fe30       sf_debug_tm_set_cycle_started_flag 0000000180030e30 f   sfc_debug:sfdb_call_stack.obj
 0001:0002fe70       sf_debug_tm_get_chart_number_from_stack 0000000180030e70 f   sfc_debug:sfdb_call_stack.obj
 0001:00030070       sf_debug_tm_browse_trace   0000000180031070 f   sfc_debug:sfdb_call_stack.obj
 0001:00030380       sf_debug_cd_initialize_instance 0000000180031380 f   sfc_debug:sfdb_cycle_detection.obj
 0001:00030630       sf_debug_cd_mark_processed_transition_in_instance 0000000180031630 f   sfc_debug:sfdb_cycle_detection.obj
 0001:000306d0       sf_debug_cd_checksum_push  00000001800316d0 f   sfc_debug:sfdb_cycle_detection.obj
 0001:00030980       sf_debug_cd_checksum_pop   0000000180031980 f   sfc_debug:sfdb_cycle_detection.obj
 0001:000309f0       sf_debug_cd_turn_off_cycle_detection 00000001800319f0 f   sfc_debug:sfdb_cycle_detection.obj
 0001:00030a40       sf_debug_cd_terminate      0000000180031a40 f   sfc_debug:sfdb_cycle_detection.obj
 0001:00030c70       md5_initialize_state       0000000180031c70 f   sfc_debug:ckmd5.obj
 0001:00031700       md5_update_state           0000000180032700 f   sfc_debug:ckmd5.obj
 0001:00031720       md5_get_hash               0000000180032720 f   sfc_debug:ckmd5.obj
 0001:00031750       md5_get_hash_for_a_single_string 0000000180032750 f   sfc_debug:ckmd5.obj
 0001:000317b0       mxGetString_730            00000001800327b0 f   libmx:libmx.dll
 0001:000317b6       mxIsChar                   00000001800327b6 f   libmx:libmx.dll
 0001:000317bc       mxCreateString             00000001800327bc f   libmx:libmx.dll
 0001:000317c2       mxGetClassID               00000001800327c2 f   libmx:libmx.dll
 0001:000317c8       mxGetPr                    00000001800327c8 f   libmx:libmx.dll
 0001:000317ce       mxCreateDoubleMatrix_730   00000001800327ce f   libmx:libmx.dll
 0001:000317d4       mxIsNumeric                00000001800327d4 f   libmx:libmx.dll
 0001:000317da       mxIsComplex                00000001800327da f   libmx:libmx.dll
 0001:000317e0       mxGetN                     00000001800327e0 f   libmx:libmx.dll
 0001:000317e6       mxGetM                     00000001800327e6 f   libmx:libmx.dll
 0001:000317ec       mxCalloc                   00000001800327ec f   libmx:libmx.dll
 0001:000317f2       mxGetScalar                00000001800327f2 f   libmx:libmx.dll
 0001:000317f8       mxDestroyArray             00000001800327f8 f   libmx:libmx.dll
 0001:000317fe       mxGetString_700            00000001800327fe f   libmx:libmx.dll
 0001:00031804       mxCreateDoubleScalar       0000000180032804 f   libmx:libmx.dll
 0001:0003180a       mxFree                     000000018003280a f   libmx:libmx.dll
 0001:00031810       mxArrayToString            0000000180032810 f   libmx:libmx.dll
 0001:00031816       mxGetNumberOfElements      0000000180032816 f   libmx:libmx.dll
 0001:0003181c       mxDuplicateArray           000000018003281c f   libmx:libmx.dll
 0001:00031822       mxGetField_700             0000000180032822 f   libmx:libmx.dll
 0001:00031828       mxSetFieldByNumber_700     0000000180032828 f   libmx:libmx.dll
 0001:0003182e       mxCreateStructArray_700    000000018003282e f   libmx:libmx.dll
 0001:00031834       mxGetData                  0000000180032834 f   libmx:libmx.dll
 0001:0003183a       mxCreateNumericArray_700   000000018003283a f   libmx:libmx.dll
 0001:00031840       mxIsLogical                0000000180032840 f   libmx:libmx.dll
 0001:00031846       mxCreateDoubleMatrix_700   0000000180032846 f   libmx:libmx.dll
 0001:0003184c       mxCreateCellMatrix_700     000000018003284c f   libmx:libmx.dll
 0001:00031852       mxSetCell_700              0000000180032852 f   libmx:libmx.dll
 0001:00031858       mxGetCell_700              0000000180032858 f   libmx:libmx.dll
 0001:0003185e       mxGetClassName             000000018003285e f   libmx:libmx.dll
 0001:00031864       mxSetField_700             0000000180032864 f   libmx:libmx.dll
 0001:0003186a       mxAddField                 000000018003286a f   libmx:libmx.dll
 0001:00031870       mxIsStruct                 0000000180032870 f   libmx:libmx.dll
 0001:00031876       mxIsA                      0000000180032876 f   libmx:libmx.dll
 0001:0003187c       mxIsClass                  000000018003287c f   libmx:libmx.dll
 0001:00031882       mxGetLogicals              0000000180032882 f   libmx:libmx.dll
 0001:00031888       mxIsSparse                 0000000180032888 f   libmx:libmx.dll
 0001:0003188e       mxGetFieldByNumber_700     000000018003288e f   libmx:libmx.dll
 0001:00031894       mxGetFieldNameByNumber     0000000180032894 f   libmx:libmx.dll
 0001:0003189a       mxGetNumberOfFields        000000018003289a f   libmx:libmx.dll
 0001:000318a0       mxCreateStructMatrix_700   00000001800328a0 f   libmx:libmx.dll
 0001:000318a6       mxGetFieldNumber           00000001800328a6 f   libmx:libmx.dll
 0001:000318ac       mxIsNaN                    00000001800328ac f   libmx:libmx.dll
 0001:000318b2       mxIsEmpty                  00000001800328b2 f   libmx:libmx.dll
 0001:000318b8       mxGetImagData              00000001800328b8 f   libmx:libmx.dll
 0001:000318be       mxArrayClassIDName         00000001800328be f   libmx:libmx.dll
 0001:000318c4       mxCreateNumericMatrix_700  00000001800328c4 f   libmx:libmx.dll
 0001:000318ca       mxCalcSingleSubscript_700  00000001800328ca f   libmx:libmx.dll
 0001:000318d0       mxGetDimensions_700        00000001800328d0 f   libmx:libmx.dll
 0001:000318d6       mxGetNumberOfDimensions_700 00000001800328d6 f   libmx:libmx.dll
 0001:000318dc       mxGetElementSize           00000001800328dc f   libmx:libmx.dll
 0001:000318e2       mxCreateStringFromNChars_700 00000001800328e2 f   libmx:libmx.dll
 0001:000318e8       mxIsLogicalScalarTrue      00000001800328e8 f   libmx:libmx.dll
 0001:000318ee       mxCreateLogicalScalar      00000001800328ee f   libmx:libmx.dll
 0001:000318f4       mexUnlock                  00000001800328f4 f   libmex:libmex.dll
 0001:000318fa       mexIsLocked                00000001800328fa f   libmex:libmex.dll
 0001:00031900       mexWarnMsgTxt              0000000180032900 f   libmex:libmex.dll
 0001:00031906       mexCallMATLAB              0000000180032906 f   libmex:libmex.dll
 0001:0003190c       mexErrMsgTxt               000000018003290c f   libmex:libmex.dll
 0001:00031912       mexMakeArrayPersistent     0000000180032912 f   libmex:libmex.dll
 0001:00031918       mexLock                    0000000180032918 f   libmex:libmex.dll
 0001:0003191e       mexMakeMemoryPersistent    000000018003291e f   libmex:libmex.dll
 0001:00031924       mexSetTrapFlag             0000000180032924 f   libmex:libmex.dll
 0001:0003192a       mexPutVariable             000000018003292a f   libmex:libmex.dll
 0001:00031930       mexGetVariable             0000000180032930 f   libmex:libmex.dll
 0001:00031936       mexFunctionName            0000000180032936 f   libmex:libmex.dll
 0001:0003193c       ssRegisterDataTypeFxpFSlopeFixExpBias 000000018003293c f   libfixedpoint:libfixedpoint.dll
 0001:00031942       ssRegisterDataTypeFxpScaledDouble 0000000180032942 f   libfixedpoint:libfixedpoint.dll
 0001:00031948       utCPUtime                  0000000180032948 f   libut:libut.dll
 0001:0003194e       utVSNprintf                000000018003294e f   libut:libut.dll
 0001:00031954       utFree                     0000000180032954 f   libut:libut.dll
 0001:0003195a       utMalloc                   000000018003295a f   libut:libut.dll
 0001:00031960       utCalloc                   0000000180032960 f   libut:libut.dll
 0001:00031966       utRealloc                  0000000180032966 f   libut:libut.dll
 0001:0003196c       emlrtCreateRootTLS         000000018003296c f   libemlrt:libemlrt.dll
 0001:00031972       emlrtDestroyRootTLS        0000000180032972 f   libemlrt:libemlrt.dll
 0001:00031978       emlrtCheckBuiltInR2012b    0000000180032978 f   libemlrt:libemlrt.dll
 0001:0003197e       emlrtCheckVsBuiltInR2012b  000000018003297e f   libemlrt:libemlrt.dll
 0001:00031984       emlrtCheckEnumR2012b       0000000180032984 f   libemlrt:libemlrt.dll
 0001:0003198a       emlrtCreateEnumR2012b      000000018003298a f   libemlrt:libemlrt.dll
 0001:00031990       emlrtGetEnumElementR2009a  0000000180032990 f   libemlrt:libemlrt.dll
 0001:00031996       emlrtCreateReference       0000000180032996 f   libemlrt:libemlrt.dll
 0001:0003199c       emlrtImportVsFiArrayR2009b 000000018003299c f   libemlrt:libemlrt.dll
 0001:000319a2       emlrtNameCapturePostProcessR2012a 00000001800329a2 f   libemlrt:libemlrt.dll
 0001:000319a8       emlrtExtractMessageId      00000001800329a8 f   libemlrt:libemlrt.dll
 0001:000319ae       emlrtTranslateMessageIDtoLCPstring 00000001800329ae f   libemlrt:libemlrt.dll
 0001:000319b4       emlrtForLoopVectorIsValidR2011b 00000001800329b4 f   libemlrt:libemlrt.dll
 0001:000319ba       emlrtTranslateUTF16MessagetoLCPstring 00000001800329ba f   libemlrt:libemlrt.dll
 0001:000319c0       emlrtGetEnumUnderlyingArrayR2009a 00000001800329c0 f   libemlrt:libemlrt.dll
 0001:000319c6       emlrtIsEnumR2009a          00000001800329c6 f   libemlrt:libemlrt.dll
 0001:000319d0       ARBlocks_initializer       00000001800329d0 f   ARBlocks_sfun:ARBlocks_sfun.obj
 0001:000319e0       ARBlocks_terminator        00000001800329e0 f   ARBlocks_sfun:ARBlocks_sfun.obj
 0001:000319f0       sf_ARBlocks_method_dispatcher 00000001800329f0 f   ARBlocks_sfun:ARBlocks_sfun.obj
 0001:00031ae0       sf_ARBlocks_process_testpoint_info_call 0000000180032ae0 f   ARBlocks_sfun:ARBlocks_sfun.obj
 0001:00031c40       sf_ARBlocks_process_check_sum_call 0000000180032c40 f   ARBlocks_sfun:ARBlocks_sfun.obj
 0001:00031fb0       sf_ARBlocks_autoinheritance_info 0000000180032fb0 f   ARBlocks_sfun:ARBlocks_sfun.obj
 0001:000322c0       sf_ARBlocks_get_eml_resolved_functions_info 00000001800332c0 f   ARBlocks_sfun:ARBlocks_sfun.obj
 0001:00032540       sf_ARBlocks_third_party_uses_info 0000000180033540 f   ARBlocks_sfun:ARBlocks_sfun.obj
 0001:000327b0       ARBlocks_debug_initialize  00000001800337b0 f   ARBlocks_sfun:ARBlocks_sfun.obj
 0001:00032840       ARBlocks_register_exported_symbols 0000000180033840 f   ARBlocks_sfun:ARBlocks_sfun.obj
 0001:00032850       load_ARBlocks_optimization_info 0000000180033850 f   ARBlocks_sfun:ARBlocks_sfun.obj
 0001:000328a0       unload_ARBlocks_optimization_info 00000001800338a0 f   ARBlocks_sfun:ARBlocks_sfun.obj
 0001:000328d0       sf_c7_ARBlocks_get_eml_resolved_functions_info 00000001800338d0 f   ARBlocks_sfun:c7_ARBlocks.obj
 0001:000333f0       sf_c7_ARBlocks_get_check_sum 00000001800343f0 f   ARBlocks_sfun:c7_ARBlocks.obj
 0001:00033470       sf_c7_ARBlocks_get_autoinheritance_info 0000000180034470 f   ARBlocks_sfun:c7_ARBlocks.obj
 0001:000339e0       sf_c7_ARBlocks_third_party_uses_info 00000001800349e0 f   ARBlocks_sfun:c7_ARBlocks.obj
 0001:00033a10       sf_internal_get_sim_state_c7_ARBlocks 0000000180034a10 f   ARBlocks_sfun:c7_ARBlocks.obj
 0001:00033d90       sf_internal_set_sim_state_c7_ARBlocks 0000000180034d90 f   ARBlocks_sfun:c7_ARBlocks.obj
 0001:00034200       c7_ARBlocks_method_dispatcher 0000000180035200 f   ARBlocks_sfun:c7_ARBlocks.obj
 0001:00036b60       sf_c6_ARBlocks_get_eml_resolved_functions_info 0000000180037b60 f   ARBlocks_sfun:c6_ARBlocks.obj
 0001:00037660       sf_c6_ARBlocks_get_check_sum 0000000180038660 f   ARBlocks_sfun:c6_ARBlocks.obj
 0001:000376e0       sf_c6_ARBlocks_get_autoinheritance_info 00000001800386e0 f   ARBlocks_sfun:c6_ARBlocks.obj
 0001:00037c50       sf_c6_ARBlocks_third_party_uses_info 0000000180038c50 f   ARBlocks_sfun:c6_ARBlocks.obj
 0001:00037c80       sf_internal_get_sim_state_c6_ARBlocks 0000000180038c80 f   ARBlocks_sfun:c6_ARBlocks.obj
 0001:00038000       sf_internal_set_sim_state_c6_ARBlocks 0000000180039000 f   ARBlocks_sfun:c6_ARBlocks.obj
 0001:00038470       c6_ARBlocks_method_dispatcher 0000000180039470 f   ARBlocks_sfun:c6_ARBlocks.obj
 0001:0003add0       sf_c4_ARBlocks_get_eml_resolved_functions_info 000000018003bdd0 f   ARBlocks_sfun:c4_ARBlocks.obj
 0001:0003b830       sf_c4_ARBlocks_get_check_sum 000000018003c830 f   ARBlocks_sfun:c4_ARBlocks.obj
 0001:0003b8b0       sf_c4_ARBlocks_get_autoinheritance_info 000000018003c8b0 f   ARBlocks_sfun:c4_ARBlocks.obj
 0001:0003bf60       sf_c4_ARBlocks_third_party_uses_info 000000018003cf60 f   ARBlocks_sfun:c4_ARBlocks.obj
 0001:0003bf90       sf_internal_get_sim_state_c4_ARBlocks 000000018003cf90 f   ARBlocks_sfun:c4_ARBlocks.obj
 0001:0003c500       sf_internal_set_sim_state_c4_ARBlocks 000000018003d500 f   ARBlocks_sfun:c4_ARBlocks.obj
 0001:0003cbd0       c4_ARBlocks_method_dispatcher 000000018003dbd0 f   ARBlocks_sfun:c4_ARBlocks.obj
 0001:00040070       sf_c3_ARBlocks_get_eml_resolved_functions_info 0000000180041070 f   ARBlocks_sfun:c3_ARBlocks.obj
 0001:000400f0       sf_c3_ARBlocks_get_check_sum 00000001800410f0 f   ARBlocks_sfun:c3_ARBlocks.obj
 0001:00040170       sf_c3_ARBlocks_get_autoinheritance_info 0000000180041170 f   ARBlocks_sfun:c3_ARBlocks.obj
 0001:000406e0       sf_c3_ARBlocks_third_party_uses_info 00000001800416e0 f   ARBlocks_sfun:c3_ARBlocks.obj
 0001:00040710       sf_internal_get_sim_state_c3_ARBlocks 0000000180041710 f   ARBlocks_sfun:c3_ARBlocks.obj
 0001:00041280       sf_internal_set_sim_state_c3_ARBlocks 0000000180042280 f   ARBlocks_sfun:c3_ARBlocks.obj
 0001:000423b0       c3_ARBlocks_method_dispatcher 00000001800433b0 f   ARBlocks_sfun:c3_ARBlocks.obj
 0001:0004a9f0       sf_c2_ARBlocks_get_eml_resolved_functions_info 000000018004b9f0 f   ARBlocks_sfun:c2_ARBlocks.obj
 0001:0004cd20       sf_c2_ARBlocks_get_check_sum 000000018004dd20 f   ARBlocks_sfun:c2_ARBlocks.obj
 0001:0004cda0       sf_c2_ARBlocks_get_autoinheritance_info 000000018004dda0 f   ARBlocks_sfun:c2_ARBlocks.obj
 0001:0004dd80       sf_c2_ARBlocks_third_party_uses_info 000000018004ed80 f   ARBlocks_sfun:c2_ARBlocks.obj
 0001:0004ddb0       sf_internal_get_sim_state_c2_ARBlocks 000000018004edb0 f   ARBlocks_sfun:c2_ARBlocks.obj
 0001:0004ea90       sf_internal_set_sim_state_c2_ARBlocks 000000018004fa90 f   ARBlocks_sfun:c2_ARBlocks.obj
 0001:0004f870       c2_ARBlocks_method_dispatcher 0000000180050870 f   ARBlocks_sfun:c2_ARBlocks.obj
 0001:0005cd30       sf_c1_ARBlocks_get_eml_resolved_functions_info 000000018005dd30 f   ARBlocks_sfun:c1_ARBlocks.obj
 0001:0005f120       sf_c1_ARBlocks_get_check_sum 0000000180060120 f   ARBlocks_sfun:c1_ARBlocks.obj
 0001:0005f1a0       sf_c1_ARBlocks_get_autoinheritance_info 00000001800601a0 f   ARBlocks_sfun:c1_ARBlocks.obj
 0001:00060140       sf_c1_ARBlocks_third_party_uses_info 0000000180061140 f   ARBlocks_sfun:c1_ARBlocks.obj
 0001:00060170       sf_internal_get_sim_state_c1_ARBlocks 0000000180061170 f   ARBlocks_sfun:c1_ARBlocks.obj
 0001:000607c0       sf_internal_set_sim_state_c1_ARBlocks 00000001800617c0 f   ARBlocks_sfun:c1_ARBlocks.obj
 0001:00060fc0       c1_ARBlocks_method_dispatcher 0000000180061fc0 f   ARBlocks_sfun:c1_ARBlocks.obj
 0001:00071ecc       __GSHandlerCheckCommon     0000000180072ecc f   MSVCRT:gshandler.obj
 0001:00071f30       __GSHandlerCheck           0000000180072f30 f   MSVCRT:gshandler.obj
 0001:00071f4e       strcmp                     0000000180072f4e f   MSVCRT:MSVCR100.dll
 0001:00071f70       __security_check_cookie    0000000180072f70 f   MSVCRT:amdsecgs.obj
 0001:00071f90       free                       0000000180072f90 f   MSVCRT:MSVCR100.dll
 0001:00071f96       sprintf                    0000000180072f96 f   MSVCRT:MSVCR100.dll
 0001:00071f9c       malloc                     0000000180072f9c f   MSVCRT:MSVCR100.dll
 0001:00071fa2       strlen                     0000000180072fa2 f   MSVCRT:MSVCR100.dll
 0001:00071fa8       strcat                     0000000180072fa8 f   MSVCRT:MSVCR100.dll
 0001:00071fae       memcpy                     0000000180072fae f   MSVCRT:MSVCR100.dll
 0001:00071fb4       NtCurrentTeb               0000000180072fb4 f i MSVCRT:crtdll.obj
 0001:00072020       _CRT_INIT                  0000000180073020 f   MSVCRT:crtdll.obj
 0001:000723b8       _DllMainCRTStartup         00000001800733b8 f   MSVCRT:crtdll.obj
 0001:000723f6       _setjmp                    00000001800733f6 f   MSVCRT:MSVCR100.dll
 0001:000723fc       strncpy                    00000001800733fc f   MSVCRT:MSVCR100.dll
 0001:00072420       _alloca_probe              0000000180073420     MSVCRT:chkstk.obj
 0001:00072420       __chkstk                   0000000180073420 f   MSVCRT:chkstk.obj
 0001:0007246e       longjmp                    000000018007346e f   MSVCRT:MSVCR100.dll
 0001:00072474       strncmp                    0000000180073474 f   MSVCRT:MSVCR100.dll
 0001:0007247a       ceil                       000000018007347a f   MSVCRT:MSVCR100.dll
 0001:00072480       strrchr                    0000000180073480 f   MSVCRT:MSVCR100.dll
 0001:00072486       memset                     0000000180073486 f   MSVCRT:MSVCR100.dll
 0001:0007248c       ldexp                      000000018007348c f   MSVCRT:MSVCR100.dll
 0001:00072494       __report_gsfailure         0000000180073494 f   MSVCRT:gs_report.obj
 0001:000725e0       __clean_type_info_names    00000001800735e0 f   MSVCRT:tncleanup.obj
 0001:000725ec       _onexit                    00000001800735ec f   MSVCRT:atonexit.obj
 0001:0007269c       atexit                     000000018007369c f   MSVCRT:atonexit.obj
 0001:000726b4       _RTC_Initialize            00000001800736b4 f   MSVCRT:_initsect_.obj
 0001:000726ec       _RTC_Terminate             00000001800736ec f   MSVCRT:_initsect_.obj
 0001:00072724       _malloc_crt                0000000180073724 f   MSVCRT:MSVCR100.dll
 0001:00072730       _ValidateImageBase         0000000180073730 f   MSVCRT:pesect.obj
 0001:00072760       _FindPESection             0000000180073760 f   MSVCRT:pesect.obj
 0001:000727b0       _IsNonwritableInCurrentImage 00000001800737b0 f   MSVCRT:pesect.obj
 0001:000727f2       _initterm                  00000001800737f2 f   MSVCRT:MSVCR100.dll
 0001:000727f8       _initterm_e                00000001800737f8 f   MSVCRT:MSVCR100.dll
 0001:000727fe       _encoded_null              00000001800737fe f   MSVCRT:MSVCR100.dll
 0001:00072804       _amsg_exit                 0000000180073804 f   MSVCRT:MSVCR100.dll
 0001:0007280a       __C_specific_handler       000000018007380a f   MSVCRT:MSVCR100.dll
 0001:00072810       __CppXcptFilter            0000000180073810 f   MSVCRT:MSVCR100.dll
 0001:00072818       DllMain                    0000000180073818 f   MSVCRT:dllmain.obj
 0001:0007283c       __security_init_cookie     000000018007383c f   MSVCRT:gs_support.obj
 0001:000728f0       __crt_debugger_hook        00000001800738f0 f   MSVCRT:MSVCR100.dll
 0001:000728f6       __clean_type_info_names_internal 00000001800738f6 f   MSVCRT:MSVCR100.dll
 0001:000728fc       _unlock                    00000001800738fc f   MSVCRT:MSVCR100.dll
 0001:00072902       __dllonexit                0000000180073902 f   MSVCRT:MSVCR100.dll
 0001:00072908       _lock                      0000000180073908 f   MSVCRT:MSVCR100.dll
 0001:0007290e       EncodePointer              000000018007390e f   kernel32:KERNEL32.dll
 0001:00072914       DecodePointer              0000000180073914 f   kernel32:KERNEL32.dll
 0001:0007291a       Sleep                      000000018007391a f   kernel32:KERNEL32.dll
 0001:00072920       TerminateProcess           0000000180073920 f   kernel32:KERNEL32.dll
 0001:00072926       GetCurrentProcess          0000000180073926 f   kernel32:KERNEL32.dll
 0001:0007292c       UnhandledExceptionFilter   000000018007392c f   kernel32:KERNEL32.dll
 0001:00072932       SetUnhandledExceptionFilter 0000000180073932 f   kernel32:KERNEL32.dll
 0001:00072938       IsDebuggerPresent          0000000180073938 f   kernel32:KERNEL32.dll
 0001:0007293e       RtlVirtualUnwind           000000018007393e f   kernel32:KERNEL32.dll
 0001:00072944       RtlLookupFunctionEntry     0000000180073944 f   kernel32:KERNEL32.dll
 0001:0007294a       RtlCaptureContext          000000018007394a f   kernel32:KERNEL32.dll
 0001:00072950       DisableThreadLibraryCalls  0000000180073950 f   kernel32:KERNEL32.dll
 0001:00072956       QueryPerformanceCounter    0000000180073956 f   kernel32:KERNEL32.dll
 0001:0007295c       GetTickCount               000000018007395c f   kernel32:KERNEL32.dll
 0001:00072962       GetCurrentThreadId         0000000180073962 f   kernel32:KERNEL32.dll
 0001:00072968       GetCurrentProcessId        0000000180073968 f   kernel32:KERNEL32.dll
 0001:0007296e       GetSystemTimeAsFileTime    000000018007396e f   kernel32:KERNEL32.dll
 0001:00072974       mxSetField_730             0000000180073974 f   libmx:libmx.dll
 0001:0007297a       mxCreateStructMatrix_730   000000018007397a f   libmx:libmx.dll
 0001:00072980       mxCreateCellMatrix_730     0000000180073980 f   libmx:libmx.dll
 0001:00072986       muDoubleScalarSin          0000000180073986 f   libmwmathutil:libmwmathutil.dll
 0001:0007298c       muDoubleScalarCos          000000018007398c f   libmwmathutil:libmwmathutil.dll
 0001:00072992       muDoubleScalarFloor        0000000180073992 f   libmwmathutil:libmwmathutil.dll
 0001:00072998       muDoubleScalarAbs          0000000180073998 f   libmwmathutil:libmwmathutil.dll
 0001:0007299e       muDoubleScalarRound        000000018007399e f   libmwmathutil:libmwmathutil.dll
 0001:000729a4       muDoubleScalarRem          00000001800739a4 f   libmwmathutil:libmwmathutil.dll
 0001:000729aa       muDoubleScalarIsInf        00000001800739aa f   libmwmathutil:libmwmathutil.dll
 0001:000729b0       muDoubleScalarIsNaN        00000001800739b0 f   libmwmathutil:libmwmathutil.dll
 0001:000729b6       muDoubleScalarPower        00000001800739b6 f   libmwmathutil:libmwmathutil.dll
 0002:00000000       __imp_RtlCaptureContext    0000000180074000     kernel32:KERNEL32.dll
 0002:00000008       __imp_DecodePointer        0000000180074008     kernel32:KERNEL32.dll
 0002:00000010       __imp_Sleep                0000000180074010     kernel32:KERNEL32.dll
 0002:00000018       __imp_GetSystemTimeAsFileTime 0000000180074018     kernel32:KERNEL32.dll
 0002:00000020       __imp_GetCurrentProcessId  0000000180074020     kernel32:KERNEL32.dll
 0002:00000028       __imp_GetCurrentThreadId   0000000180074028     kernel32:KERNEL32.dll
 0002:00000030       __imp_GetTickCount         0000000180074030     kernel32:KERNEL32.dll
 0002:00000038       __imp_QueryPerformanceCounter 0000000180074038     kernel32:KERNEL32.dll
[...]
 0001:00041b00       c3_f_emlrt_marshallIn      0000000180042b00 f   ARBlocks_sfun:c3_ARBlocks.obj
 0001:00041bc0       c3_g_emlrt_marshallIn      0000000180042bc0 f   ARBlocks_sfun:c3_ARBlocks.obj
 0001:00041c30       c3_h_emlrt_marshallIn      0000000180042c30 f   ARBlocks_sfun:c3_ARBlocks.obj
 0001:00041cf0       c3_i_emlrt_marshallIn      0000000180042cf0 f   ARBlocks_sfun:c3_ARBlocks.obj
 0001:00041d60       c3_j_emlrt_marshallIn      0000000180042d60 f   ARBlocks_sfun:c3_ARBlocks.obj
 0001:00041ea0       c3_k_emlrt_marshallIn      0000000180042ea0 f   ARBlocks_sfun:c3_ARBlocks.obj
 0001:00041f10       c3_l_emlrt_marshallIn      0000000180042f10 f   ARBlocks_sfun:c3_ARBlocks.obj
 0001:00042050       c3_m_emlrt_marshallIn      0000000180043050 f   ARBlocks_sfun:c3_ARBlocks.obj
 0001:000420c0       c3_n_emlrt_marshallIn      00000001800430c0 f   ARBlocks_sfun:c3_ARBlocks.obj
 0001:00042150       c3_o_emlrt_marshallIn      0000000180043150 f   ARBlocks_sfun:c3_ARBlocks.obj
 0001:000421c0       c3_p_emlrt_marshallIn      00000001800431c0 f   ARBlocks_sfun:c3_ARBlocks.obj
 0001:000422c0       c3_r_emlrt_marshallIn      00000001800432c0 f   ARBlocks_sfun:c3_ARBlocks.obj
 0001:00042320       c3_s_emlrt_marshallIn      0000000180043320 f   ARBlocks_sfun:c3_ARBlocks.obj
 0001:00042420       mdlProcessParameters_c3_ARBlocks 0000000180043420 f   ARBlocks_sfun:c3_ARBlocks.obj
 0001:000424e0       initialize_params_c3_ARBlocks 00000001800434e0 f   ARBlocks_sfun:c3_ARBlocks.obj
 0001:000424f0       mdlSetWorkWidths_c3_ARBlocks 00000001800434f0 f   ARBlocks_sfun:c3_ARBlocks.obj
 0001:000429e0       sf_get_instance_specialization 00000001800439e0 f   ARBlocks_sfun:c3_ARBlocks.obj
 0001:000429f0       mdlStart_c3_ARBlocks       00000001800439f0 f   ARBlocks_sfun:c3_ARBlocks.obj
 0001:00042bf0       init_dsm_address_info      0000000180043bf0 f   ARBlocks_sfun:c3_ARBlocks.obj
 0001:00042c00       chart_debug_initialization 0000000180043c00 f   ARBlocks_sfun:c3_ARBlocks.obj
 0001:00043e80       init_script_number_translation 0000000180044e80 f   ARBlocks_sfun:c3_ARBlocks.obj
 0001:00043e90       c3_g_sf_marshallOut        0000000180044e90 f   ARBlocks_sfun:c3_ARBlocks.obj
 0001:00043f40       c3_g_sf_marshallIn         0000000180044f40 f   ARBlocks_sfun:c3_ARBlocks.obj
 0001:00043fe0       c3_h_sf_marshallOut        0000000180044fe0 f   ARBlocks_sfun:c3_ARBlocks.obj
 0001:00044150       c3_h_sf_marshallIn         0000000180045150 f   ARBlocks_sfun:c3_ARBlocks.obj
 0001:00044260       c3_i_sf_marshallOut        0000000180045260 f   ARBlocks_sfun:c3_ARBlocks.obj
 0001:000443e0       sf_opaque_initialize_c3_ARBlocks 00000001800453e0 f   ARBlocks_sfun:c3_ARBlocks.obj
 0001:00044420       initialize_c3_ARBlocks     0000000180045420 f   ARBlocks_sfun:c3_ARBlocks.obj
 0001:000444b0       sf_opaque_enable_c3_ARBlocks 00000001800454b0 f   ARBlocks_sfun:c3_ARBlocks.obj
 0001:000444d0       enable_c3_ARBlocks         00000001800454d0 f   ARBlocks_sfun:c3_ARBlocks.obj
 0001:00044500       sf_opaque_disable_c3_ARBlocks 0000000180045500 f   ARBlocks_sfun:c3_ARBlocks.obj
 0001:00044520       disable_c3_ARBlocks        0000000180045520 f   ARBlocks_sfun:c3_ARBlocks.obj
 0001:00044550       sf_opaque_gateway_c3_ARBlocks 0000000180045550 f   ARBlocks_sfun:c3_ARBlocks.obj
 0001:00044570       sf_c3_ARBlocks             0000000180045570 f   ARBlocks_sfun:c3_ARBlocks.obj
 0001:00044830       c3_chartstep_c3_ARBlocks   0000000180045830 f   ARBlocks_sfun:c3_ARBlocks.obj
 0001:00049aa0       c3_sf_marshallOut          000000018004aaa0 f   ARBlocks_sfun:c3_ARBlocks.obj
 0001:00049c60       c3_sf_marshallIn           000000018004ac60 f   ARBlocks_sfun:c3_ARBlocks.obj
 0001:00049d80       c3_b_sf_marshallOut        000000018004ad80 f   ARBlocks_sfun:c3_ARBlocks.obj
 0001:00049ea0       c3_b_sf_marshallIn         000000018004aea0 f   ARBlocks_sfun:c3_ARBlocks.obj
 0001:00049f40       c3_c_sf_marshallOut        000000018004af40 f   ARBlocks_sfun:c3_ARBlocks.obj
 0001:0004a060       c3_c_sf_marshallIn         000000018004b060 f   ARBlocks_sfun:c3_ARBlocks.obj
 0001:0004a100       c3_d_sf_marshallOut        000000018004b100 f   ARBlocks_sfun:c3_ARBlocks.obj
 0001:0004a220       c3_d_sf_marshallIn         000000018004b220 f   ARBlocks_sfun:c3_ARBlocks.obj
 0001:0004a2c0       c3_e_sf_marshallOut        000000018004b2c0 f   ARBlocks_sfun:c3_ARBlocks.obj
 0001:0004a4b0       c3_e_sf_marshallIn         000000018004b4b0 f   ARBlocks_sfun:c3_ARBlocks.obj
 0001:0004a5c0       c3_f_sf_marshallOut        000000018004b5c0 f   ARBlocks_sfun:c3_ARBlocks.obj
 0001:0004a780       c3_f_sf_marshallIn         000000018004b780 f   ARBlocks_sfun:c3_ARBlocks.obj
 0001:0004a8a0       sf_opaque_get_sim_state_c3_ARBlocks 000000018004b8a0 f   ARBlocks_sfun:c3_ARBlocks.obj
 0001:0004a8c0       sf_opaque_set_sim_state_c3_ARBlocks 000000018004b8c0 f   ARBlocks_sfun:c3_ARBlocks.obj
 0001:0004a8f0       sf_opaque_terminate_c3_ARBlocks 000000018004b8f0 f   ARBlocks_sfun:c3_ARBlocks.obj
 0001:0004a970       finalize_c3_ARBlocks       000000018004b970 f   ARBlocks_sfun:c3_ARBlocks.obj
 0001:0004a980       sf_opaque_init_subchart_simstructs 000000018004b980 f   ARBlocks_sfun:c3_ARBlocks.obj
 0001:0004a9a0       initSimStructsc3_ARBlocks  000000018004b9a0 f   ARBlocks_sfun:c3_ARBlocks.obj
 0001:0004a9b0       mdlRTW_c3_ARBlocks         000000018004b9b0 f   ARBlocks_sfun:c3_ARBlocks.obj
 0001:0004ae80       c2_info_helper             000000018004be80 f   ARBlocks_sfun:c2_ARBlocks.obj
 0001:0004dea0       get_sim_state_c2_ARBlocks  000000018004eea0 f   ARBlocks_sfun:c2_ARBlocks.obj
 0001:0004e9c0       sf_get_sim_state_info_c2_ARBlocks 000000018004f9c0 f   ARBlocks_sfun:c2_ARBlocks.obj
 0001:0004ebb0       set_sim_state_c2_ARBlocks  000000018004fbb0 f   ARBlocks_sfun:c2_ARBlocks.obj
 0001:0004f120       c2_update_debugger_state_c2_ARBlocks 0000000180050120 f   ARBlocks_sfun:c2_ARBlocks.obj
 0001:0004f130       c2_emlrt_marshallIn        0000000180050130 f   ARBlocks_sfun:c2_ARBlocks.obj
 0001:0004f1a0       c2_b_emlrt_marshallIn      00000001800501a0 f   ARBlocks_sfun:c2_ARBlocks.obj
 0001:0004f2e0       c2_c_emlrt_marshallIn      00000001800502e0 f   ARBlocks_sfun:c2_ARBlocks.obj
 0001:0004f350       c2_d_emlrt_marshallIn      0000000180050350 f   ARBlocks_sfun:c2_ARBlocks.obj
 0001:0004f410       c2_e_emlrt_marshallIn      0000000180050410 f   ARBlocks_sfun:c2_ARBlocks.obj
 0001:0004f480       c2_f_emlrt_marshallIn      0000000180050480 f   ARBlocks_sfun:c2_ARBlocks.obj
 0001:0004f510       c2_g_emlrt_marshallIn      0000000180050510 f   ARBlocks_sfun:c2_ARBlocks.obj
 0001:0004f580       c2_h_emlrt_marshallIn      0000000180050580 f   ARBlocks_sfun:c2_ARBlocks.obj
 0001:0004f610       c2_i_emlrt_marshallIn      0000000180050610 f   ARBlocks_sfun:c2_ARBlocks.obj
 0001:0004f680       c2_j_emlrt_marshallIn      0000000180050680 f   ARBlocks_sfun:c2_ARBlocks.obj
 0001:0004f780       c2_p_emlrt_marshallIn      0000000180050780 f   ARBlocks_sfun:c2_ARBlocks.obj
 0001:0004f7e0       c2_q_emlrt_marshallIn      00000001800507e0 f   ARBlocks_sfun:c2_ARBlocks.obj
 0001:0004f8e0       mdlProcessParameters_c2_ARBlocks 00000001800508e0 f   ARBlocks_sfun:c2_ARBlocks.obj
 0001:0004f9a0       initialize_params_c2_ARBlocks 00000001800509a0 f   ARBlocks_sfun:c2_ARBlocks.obj
 0001:0004f9b0       mdlSetWorkWidths_c2_ARBlocks 00000001800509b0 f   ARBlocks_sfun:c2_ARBlocks.obj
 0001:0004fea0       sf_get_instance_specialization 0000000180050ea0 f   ARBlocks_sfun:c2_ARBlocks.obj
 0001:0004feb0       mdlStart_c2_ARBlocks       0000000180050eb0 f   ARBlocks_sfun:c2_ARBlocks.obj
 0001:000500b0       init_dsm_address_info      00000001800510b0 f   ARBlocks_sfun:c2_ARBlocks.obj
 0001:000500c0       chart_debug_initialization 00000001800510c0 f   ARBlocks_sfun:c2_ARBlocks.obj
 0001:00052090       init_script_number_translation 0000000180053090 f   ARBlocks_sfun:c2_ARBlocks.obj
 0001:000520a0       c2_c_sf_marshallOut        00000001800530a0 f   ARBlocks_sfun:c2_ARBlocks.obj
 0001:00052150       c2_c_sf_marshallIn         0000000180053150 f   ARBlocks_sfun:c2_ARBlocks.obj
 0001:000521f0       c2_d_sf_marshallOut        00000001800531f0 f   ARBlocks_sfun:c2_ARBlocks.obj
 0001:000522b0       c2_d_sf_marshallIn         00000001800532b0 f   ARBlocks_sfun:c2_ARBlocks.obj
 0001:00052350       c2_e_sf_marshallOut        0000000180053350 f   ARBlocks_sfun:c2_ARBlocks.obj
 0001:000524b0       c2_e_sf_marshallIn         00000001800534b0 f   ARBlocks_sfun:c2_ARBlocks.obj
 0001:000525c0       c2_f_sf_marshallOut        00000001800535c0 f   ARBlocks_sfun:c2_ARBlocks.obj
 0001:00052740       sf_opaque_initialize_c2_ARBlocks 0000000180053740 f   ARBlocks_sfun:c2_ARBlocks.obj
 0001:00052780       initialize_c2_ARBlocks     0000000180053780 f   ARBlocks_sfun:c2_ARBlocks.obj
 0001:000527e0       sf_opaque_enable_c2_ARBlocks 00000001800537e0 f   ARBlocks_sfun:c2_ARBlocks.obj
 0001:00052800       enable_c2_ARBlocks         0000000180053800 f   ARBlocks_sfun:c2_ARBlocks.obj
 0001:00052830       sf_opaque_disable_c2_ARBlocks 0000000180053830 f   ARBlocks_sfun:c2_ARBlocks.obj
 0001:00052850       disable_c2_ARBlocks        0000000180053850 f   ARBlocks_sfun:c2_ARBlocks.obj
 0001:00052880       sf_opaque_gateway_c2_ARBlocks 0000000180053880 f   ARBlocks_sfun:c2_ARBlocks.obj
 0001:000528a0       sf_c2_ARBlocks             00000001800538a0 f   ARBlocks_sfun:c2_ARBlocks.obj
 0001:00052eb0       c2_chartstep_c2_ARBlocks   0000000180053eb0 f   ARBlocks_sfun:c2_ARBlocks.obj
 0001:00055030       c2_sf_marshallOut          0000000180056030 f   ARBlocks_sfun:c2_ARBlocks.obj
 0001:00055210       c2_sf_marshallIn           0000000180056210 f   ARBlocks_sfun:c2_ARBlocks.obj
 0001:00055320       c2_b_sf_marshallOut        0000000180056320 f   ARBlocks_sfun:c2_ARBlocks.obj
 0001:00055440       c2_b_sf_marshallIn         0000000180056440 f   ARBlocks_sfun:c2_ARBlocks.obj
 0001:000554e0       c2_g_sf_marshallOut        00000001800564e0 f   ARBlocks_sfun:c2_ARBlocks.obj
 0001:00055620       c2_f_sf_marshallIn         0000000180056620 f   ARBlocks_sfun:c2_ARBlocks.obj
 0001:000556f0       c2_k_emlrt_marshallIn      00000001800566f0 f   ARBlocks_sfun:c2_ARBlocks.obj
 0001:000557d0       c2_getDroneState           00000001800567d0 f   ARBlocks_sfun:c2_ARBlocks.obj
 0001:00059ac0       c2_h_sf_marshallOut        000000018005aac0 f   ARBlocks_sfun:c2_ARBlocks.obj
 0001:00059be0       c2_g_sf_marshallIn         000000018005abe0 f   ARBlocks_sfun:c2_ARBlocks.obj
 0001:00059cb0       c2_l_emlrt_marshallIn      000000018005acb0 f   ARBlocks_sfun:c2_ARBlocks.obj
 0001:00059d70       c2_i_sf_marshallOut        000000018005ad70 f   ARBlocks_sfun:c2_ARBlocks.obj
 0001:00059f60       c2_h_sf_marshallIn         000000018005af60 f   ARBlocks_sfun:c2_ARBlocks.obj
 0001:0005a0a0       c2_m_emlrt_marshallIn      000000018005b0a0 f   ARBlocks_sfun:c2_ARBlocks.obj
 0001:0005a2a0       c2_j_sf_marshallOut        000000018005b2a0 f   ARBlocks_sfun:c2_ARBlocks.obj
 0001:0005a510       c2_i_sf_marshallIn         000000018005b510 f   ARBlocks_sfun:c2_ARBlocks.obj
 0001:0005a690       c2_n_emlrt_marshallIn      000000018005b690 f   ARBlocks_sfun:c2_ARBlocks.obj
 0001:0005a890       c2_dec2hex                 000000018005b890 f   ARBlocks_sfun:c2_ARBlocks.obj
 0001:0005ae40       c2_decode                  000000018005be40 f   ARBlocks_sfun:c2_ARBlocks.obj
 0001:0005b750       c2_hex2dec                 000000018005c750 f   ARBlocks_sfun:c2_ARBlocks.obj
 0001:0005c150       c2_b_decode                000000018005d150 f   ARBlocks_sfun:c2_ARBlocks.obj
 0001:0005cbe0       sf_opaque_get_sim_state_c2_ARBlocks 000000018005dbe0 f   ARBlocks_sfun:c2_ARBlocks.obj
 0001:0005cc00       sf_opaque_set_sim_state_c2_ARBlocks 000000018005dc00 f   ARBlocks_sfun:c2_ARBlocks.obj
 0001:0005cc30       sf_opaque_terminate_c2_ARBlocks 000000018005dc30 f   ARBlocks_sfun:c2_ARBlocks.obj
 0001:0005ccb0       finalize_c2_ARBlocks       000000018005dcb0 f   ARBlocks_sfun:c2_ARBlocks.obj
 0001:0005ccc0       sf_opaque_init_subchart_simstructs 000000018005dcc0 f   ARBlocks_sfun:c2_ARBlocks.obj
 0001:0005cce0       initSimStructsc2_ARBlocks  000000018005dce0 f   ARBlocks_sfun:c2_ARBlocks.obj
 0001:0005ccf0       mdlRTW_c2_ARBlocks         000000018005dcf0 f   ARBlocks_sfun:c2_ARBlocks.obj
 0001:0005d170       c1_info_helper             000000018005e170 f   ARBlocks_sfun:c1_ARBlocks.obj
 0001:00060260       get_sim_state_c1_ARBlocks  0000000180061260 f   ARBlocks_sfun:c1_ARBlocks.obj
 0001:00060700       sf_get_sim_state_info_c1_ARBlocks 0000000180061700 f   ARBlocks_sfun:c1_ARBlocks.obj
 0001:000608e0       set_sim_state_c1_ARBlocks  00000001800618e0 f   ARBlocks_sfun:c1_ARBlocks.obj
 0001:00060b20       c1_update_debugger_state_c1_ARBlocks 0000000180061b20 f   ARBlocks_sfun:c1_ARBlocks.obj
 0001:00060b30       c1_emlrt_marshallIn        0000000180061b30 f   ARBlocks_sfun:c1_ARBlocks.obj
 0001:00060ba0       c1_b_emlrt_marshallIn      0000000180061ba0 f   ARBlocks_sfun:c1_ARBlocks.obj
 0001:00060c60       c1_c_emlrt_marshallIn      0000000180061c60 f   ARBlocks_sfun:c1_ARBlocks.obj
 0001:00060cd0       c1_d_emlrt_marshallIn      0000000180061cd0 f   ARBlocks_sfun:c1_ARBlocks.obj
 0001:00060d60       c1_e_emlrt_marshallIn      0000000180061d60 f   ARBlocks_sfun:c1_ARBlocks.obj
 0001:00060dd0       c1_f_emlrt_marshallIn      0000000180061dd0 f   ARBlocks_sfun:c1_ARBlocks.obj
 0001:00060ed0       c1_m_emlrt_marshallIn      0000000180061ed0 f   ARBlocks_sfun:c1_ARBlocks.obj
 0001:00060f30       c1_n_emlrt_marshallIn      0000000180061f30 f   ARBlocks_sfun:c1_ARBlocks.obj
 0001:00061030       mdlProcessParameters_c1_ARBlocks 0000000180062030 f   ARBlocks_sfun:c1_ARBlocks.obj
 0001:000610f0       initialize_params_c1_ARBlocks 00000001800620f0 f   ARBlocks_sfun:c1_ARBlocks.obj
 0001:00061100       mdlSetWorkWidths_c1_ARBlocks 0000000180062100 f   ARBlocks_sfun:c1_ARBlocks.obj
 0001:00061740       sf_get_instance_specialization 0000000180062740 f   ARBlocks_sfun:c1_ARBlocks.obj
 0001:00061750       mdlStart_c1_ARBlocks       0000000180062750 f   ARBlocks_sfun:c1_ARBlocks.obj
 0001:00061950       init_dsm_address_info      0000000180062950 f   ARBlocks_sfun:c1_ARBlocks.obj
 0001:00061960       chart_debug_initialization 0000000180062960 f   ARBlocks_sfun:c1_ARBlocks.obj
 0001:00064380       init_script_number_translation 0000000180065380 f   ARBlocks_sfun:c1_ARBlocks.obj
 0001:00064390       c1_b_sf_marshallOut        0000000180065390 f   ARBlocks_sfun:c1_ARBlocks.obj
 0001:00064440       c1_b_sf_marshallIn         0000000180065440 f   ARBlocks_sfun:c1_ARBlocks.obj
 0001:000644e0       c1_c_sf_marshallOut        00000001800654e0 f   ARBlocks_sfun:c1_ARBlocks.obj
 0001:00064660       c1_c_sf_marshallIn         0000000180065660 f   ARBlocks_sfun:c1_ARBlocks.obj
 0001:00064770       c1_d_sf_marshallOut        0000000180065770 f   ARBlocks_sfun:c1_ARBlocks.obj
 0001:000648f0       sf_opaque_initialize_c1_ARBlocks 00000001800658f0 f   ARBlocks_sfun:c1_ARBlocks.obj
 0001:00064930       initialize_c1_ARBlocks     0000000180065930 f   ARBlocks_sfun:c1_ARBlocks.obj
 0001:00064990       sf_opaque_enable_c1_ARBlocks 0000000180065990 f   ARBlocks_sfun:c1_ARBlocks.obj
 0001:000649b0       enable_c1_ARBlocks         00000001800659b0 f   ARBlocks_sfun:c1_ARBlocks.obj
 0001:000649e0       sf_opaque_disable_c1_ARBlocks 00000001800659e0 f   ARBlocks_sfun:c1_ARBlocks.obj
 0001:00064a00       disable_c1_ARBlocks        0000000180065a00 f   ARBlocks_sfun:c1_ARBlocks.obj
 0001:00064a30       sf_opaque_gateway_c1_ARBlocks 0000000180065a30 f   ARBlocks_sfun:c1_ARBlocks.obj
 0001:00064a50       sf_c1_ARBlocks             0000000180065a50 f   ARBlocks_sfun:c1_ARBlocks.obj
 0001:00065040       c1_chartstep_c1_ARBlocks   0000000180066040 f   ARBlocks_sfun:c1_ARBlocks.obj
 0001:0006b190       c1_sf_marshallOut          000000018006c190 f   ARBlocks_sfun:c1_ARBlocks.obj
 0001:0006b2b0       c1_sf_marshallIn           000000018006c2b0 f   ARBlocks_sfun:c1_ARBlocks.obj
 0001:0006b350       c1_e_sf_marshallOut        000000018006c350 f   ARBlocks_sfun:c1_ARBlocks.obj
 0001:0006b560       c1_d_sf_marshallIn         000000018006c560 f   ARBlocks_sfun:c1_ARBlocks.obj
 0001:0006b6a0       c1_g_emlrt_marshallIn      000000018006c6a0 f   ARBlocks_sfun:c1_ARBlocks.obj
 0001:0006b870       c1_f_sf_marshallOut        000000018006c870 f   ARBlocks_sfun:c1_ARBlocks.obj
 0001:0006ba90       c1_e_sf_marshallIn         000000018006ca90 f   ARBlocks_sfun:c1_ARBlocks.obj
 0001:0006bbf0       c1_h_emlrt_marshallIn      000000018006cbf0 f   ARBlocks_sfun:c1_ARBlocks.obj
 0001:0006bdd0       c1_mod                     000000018006cdd0 f   ARBlocks_sfun:c1_ARBlocks.obj
 0001:0006c020       c1_eml_scalar_eg           000000018006d020 f   ARBlocks_sfun:c1_ARBlocks.obj
 0001:0006c030       c1_getString               000000018006d030 f   ARBlocks_sfun:c1_ARBlocks.obj
 0001:0006f540       c1_g_sf_marshallOut        0000000180070540 f   ARBlocks_sfun:c1_ARBlocks.obj
 0001:0006f750       c1_f_sf_marshallIn         0000000180070750 f   ARBlocks_sfun:c1_ARBlocks.obj
 0001:0006f8a0       c1_i_emlrt_marshallIn      00000001800708a0 f   ARBlocks_sfun:c1_ARBlocks.obj
 0001:0006fa80       c1_mpower                  0000000180070a80 f   ARBlocks_sfun:c1_ARBlocks.obj
 0001:0006fb50       c1_char                    0000000180070b50 f   ARBlocks_sfun:c1_ARBlocks.obj
 0001:0006fb60       c1_float2IEEE754           0000000180070b60 f   ARBlocks_sfun:c1_ARBlocks.obj
 0001:000710f0       c1_h_sf_marshallOut        00000001800720f0 f   ARBlocks_sfun:c1_ARBlocks.obj
 0001:000711a0       c1_g_sf_marshallIn         00000001800721a0 f   ARBlocks_sfun:c1_ARBlocks.obj
 0001:00071240       c1_j_emlrt_marshallIn      0000000180072240 f   ARBlocks_sfun:c1_ARBlocks.obj
 0001:000712d0       c1_i_sf_marshallOut        00000001800722d0 f   ARBlocks_sfun:c1_ARBlocks.obj
 0001:00071440       c1_h_sf_marshallIn         0000000180072440 f   ARBlocks_sfun:c1_ARBlocks.obj
 0001:00071540       c1_k_emlrt_marshallIn      0000000180072540 f   ARBlocks_sfun:c1_ARBlocks.obj
 0001:00071650       c1_j_sf_marshallOut        0000000180072650 f   ARBlocks_sfun:c1_ARBlocks.obj
 0001:00071890       c1_i_sf_marshallIn         0000000180072890 f   ARBlocks_sfun:c1_ARBlocks.obj
 0001:000719d0       c1_l_emlrt_marshallIn      00000001800729d0 f   ARBlocks_sfun:c1_ARBlocks.obj
 0001:00071ad0       c1_eml_error               0000000180072ad0 f   ARBlocks_sfun:c1_ARBlocks.obj
 0001:00071d30       c1_abs                     0000000180072d30 f   ARBlocks_sfun:c1_ARBlocks.obj
 0001:00071d70       c1_b_char                  0000000180072d70 f   ARBlocks_sfun:c1_ARBlocks.obj
 0001:00071d80       sf_opaque_get_sim_state_c1_ARBlocks 0000000180072d80 f   ARBlocks_sfun:c1_ARBlocks.obj
 0001:00071da0       sf_opaque_set_sim_state_c1_ARBlocks 0000000180072da0 f   ARBlocks_sfun:c1_ARBlocks.obj
 0001:00071dd0       sf_opaque_terminate_c1_ARBlocks 0000000180072dd0 f   ARBlocks_sfun:c1_ARBlocks.obj
 0001:00071e50       finalize_c1_ARBlocks       0000000180072e50 f   ARBlocks_sfun:c1_ARBlocks.obj
 0001:00071e60       sf_opaque_init_subchart_simstructs 0000000180072e60 f   ARBlocks_sfun:c1_ARBlocks.obj
 0001:00071e80       initSimStructsc1_ARBlocks  0000000180072e80 f   ARBlocks_sfun:c1_ARBlocks.obj
 0001:00071e90       mdlRTW_c1_ARBlocks         0000000180072e90 f   ARBlocks_sfun:c1_ARBlocks.obj
 0001:00071fc0       pre_c_init                 0000000180072fc0 f   MSVCRT:crtdll.obj
 0001:0007227c       __DllMainCRTStartup        000000018007327c f   MSVCRT:crtdll.obj
 0001:000729c0       __DllMainCRTStartup$filt$0 00000001800739c0 f   MSVCRT:crtdll.obj
 0001:000729f0       __DllMainCRTStartup$fin$1  00000001800739f0 f   MSVCRT:crtdll.obj
 0001:00072a0a       _onexit$fin$0              0000000180073a0a f   MSVCRT:atonexit.obj
 0001:00072a30       _IsNonwritableInCurrentImage$filt$0 0000000180073a30 f   MSVCRT:pesect.obj
